����������������������������������������������������������������s Jul 29 2019 12:21:46

rst:0x1 (POWERON_RESET),boot:0x3 (DOWNLOAD_BOOT(UART0/UART1/SDIO_REI_REO_V2))
waiting for download
ets Jul 29 2019 12:21:46

rst:0x1 (POWERON_RESET),boot:0x13 (SPI_FAST_FLASH_BOOT)
configsip: 0, SPIWP:0xee
clk_drv:0x00,q_drv:0x00,d_drv:0x00,cs0_drv:0x00,hd_drv:0x00,wp_drv:0x00
mode:DIO, clock div:2
load:0x3fff0030,len:7176
load:0x40078000,len:15564
ho 0 tail 12 room 4
load:0x40080400,len:4
load:0x40080404,len:3904
entry 0x40080640
[0;32mI (31) boot: ESP-IDF v5.3.1-dirty 2nd stage bootloader[0m
[0;32mI (31) boot: compile time Apr  2 2026 18:47:19[0m
[0;32mI (31) boot: Multicore bootloader[0m
[0;32mI (36) boot: chip revision: v3.1[0m
[0;32mI (40) boot.esp32: SPI Speed      : 40MHz[0m
[0;32mI (44) boot.esp32: SPI Mode       : DIO[0m
[0;32mI (49) boot.esp32: SPI Flash Size : 2MB[0m
[0;32mI (53) boot: Enabling RNG early entropy source...[0m
[0;32mI (59) boot: Partition Table:[0m
[0;32mI (62) boot: ## Label            Usage          Type ST Offset   Length[0m
[0;32mI (70) boot:  0 nvs              WiFi data        01 02 00009000 00006000[0m
[0;32mI (77) boot:  1 phy_init         RF data          01 01 0000f000 00001000[0m
[0;32mI (85) boot:  2 factory          factory app      00 00 00010000 00100000[0m
[0;32mI (92) boot: End of partition table[0m
[0;32mI (96) esp_image: segment 0: paddr=00010020 vaddr=3f400020 size=28e60h (167520) map[0m
[0;32mI (162) esp_image: segment 1: paddr=00038e88 vaddr=3ffb0000 size=03f58h ( 16216) load[0m
[0;32mI (168) esp_image: segment 2: paddr=0003cde8 vaddr=40080000 size=03230h ( 12848) load[0m
[0;32mI (174) esp_image: segment 3: paddr=00040020 vaddr=400d0020 size=a6c1ch (683036) map[0m
[0;32mI (411) esp_image: segment 4: paddr=000e6c44 vaddr=40083230 size=152f4h ( 86772) load[0m
[0;32mI (457) boot: Loaded app from partition at offset 0x10000[0m
[0;32mI (457) boot: Disabling RNG early entropy source...[0m
[0;32mI (469) cpu_start: Multicore app[0m
[0;32mI (477) cpu_start: Pro cpu start user code[0m
[0;32mI (477) cpu_start: cpu freq: 160000000 Hz[0m
[0;32mI (477) app_init: Application information:[0m
[0;32mI (480) app_init: Project name:     hello_world[0m
[0;32mI (486) app_init: App version:      1[0m
[0;32mI (490) app_init: Compile time:     Apr  2 2026 18:56:54[0m
[0;32mI (496) app_init: ELF file SHA256:  97b5fe77f...[0m
[0;32mI (501) app_init: ESP-IDF:          v5.3.1-dirty[0m
[0;32mI (506) efuse_init: Min chip rev:     v0.0[0m
[0;32mI (511) efuse_init: Max chip rev:     v3.99 [0m
[0;32mI (516) efuse_init: Chip rev:         v3.1[0m
[0;32mI (521) heap_init: Initializing. RAM available for dynamic allocation:[0m
[0;32mI (528) heap_init: At 3FFAE6E0 len 00001920 (6 KiB): DRAM[0m
[0;32mI (534) heap_init: At 3FFB8898 len 00027768 (157 KiB): DRAM[0m
[0;32mI (540) heap_init: At 3FFE0440 len 00003AE0 (14 KiB): D/IRAM[0m
[0;32mI (547) heap_init: At 3FFE4350 len 0001BCB0 (111 KiB): D/IRAM[0m
[0;32mI (553) heap_init: At 40098524 len 00007ADC (30 KiB): IRAM[0m
[0;32mI (561) spi_flash: detected chip: generic[0m
[0;32mI (564) spi_flash: flash io: dio[0m
[0;33mW (568) spi_flash: Detected size(4096k) larger than the size in the binary image header(2048k). Using the size in the binary image header.[0m
[0;33mW (581) DAC: legacy driver is deprecated, please migrate to `driver/dac_oneshot.h`, `driver/dac_cosine.h` or `driver/dac_continuous.h` instead[0m
[0;32mI (595) main_task: Started on CPU0[0m
[0;32mI (605) main_task: Calling app_main()[0m
[0;32mI (625) MAIN: =========================================[0m
[0;32mI (625) MAIN: Signal Processing System[0m
[0;32mI (625) MAIN: =========================================[0m
[0;32mI (625) MAIN: Commands: SINE [freq], SQUARE [freq], TRIANGLE [freq], STOP, START[0m
[0;32mI (645) DAC_WAVE: DAC initialized on GPIO25[0m
[0;31mE (645) adc_continuous: adc_continuous_config(448): ADC sampling frequency out of range[0m
ESP_ERROR_CHECK failed: esp_err_t 0x102 (ESP_ERR_INVALID_ARG) at 0x400d8b5b
file: "./main/adc_sample.c" line 46
func: adc_init
expression: adc_continuous_config(adc_handle, &dig_cfg)

abort() was called at PC 0x4008a3f7 on core 0


Backtrace: 0x40081b56:0x3ffba730 0x4008a401:0x3ffba750 0x400921bd:0x3ffba770 0x4008a3f7:0x3ffba7e0 0x400d8b5b:0x3ffba810 0x400d883c:0x3ffba860 0x401749b7:0x3ffbab90 0x4008af0d:0x3ffbabc0




ELF file SHA256: 97b5fe77f

Rebooting...
ets Jul 29 2019 12:21:46

rst:0xc (SW_CPU_RESET),boot:0x13 (SPI_FAST_FLASH_BOOT)
configsip: 0, SPIWP:0xee
clk_drv:0x00,q_drv:0x00,d_drv:0x00,cs0_drv:0x00,hd_drv:0x00,wp_drv:0x00
mode:DIO, clock div:2
load:0x3fff0030,len:7176
load:0x40078000,len:15564
ho 0 tail 12 room 4
load:0x40080400,len:4
load:0x40080404,len:3904
entry 0x40080640
[0;32mI (31) boot: ESP-IDF v5.3.1-dirty 2nd stage bootloader[0m
[0;32mI (31) boot: compile time Apr  2 2026 18:47:19[0m
[0;32mI (31) boot: Multicore bootloader[0m
[0;32mI (36) boot: chip revision: v3.1[0m
[0;32mI (40) boot.esp32: SPI Speed      : 40MHz[0m
[0;32mI (44) boot.esp32: SPI Mode       : DIO[0m
[0;32mI (49) boot.esp32: SPI Flash Size : 2MB[0m
[0;32mI (53) boot: Enabling RNG early entropy source...[0m
[0;32mI (59) boot: Partition Table:[0m
[0;32mI (62) boot: ## Label            Usage          Type ST Offset   Length[0m
[0;32mI (70) boot:  0 nvs              WiFi data        01 02 00009000 00006000[0m
[0;32mI (77) boot:  1 phy_init         RF data          01 01 0000f000 00001000[0m
[0;32mI (85) boot:  2 factory          factory app      00 00 00010000 00100000[0m
[0;32mI (92) boot: End of partition table[0m
[0;32mI (96) esp_image: segment 0: paddr=00010020 vaddr=3f400020 size=28e60h (167520) map[0m
[0;32mI (162) esp_image: segment 1: paddr=00038e88 vaddr=3ffb0000 size=03f58h ( 16216) load[0m
[0;32mI (168) esp_image: segment 2: paddr=0003cde8 vaddr=40080000 size=03230h ( 12848) load[0m
[0;32mI (174) esp_image: segment 3: paddr=00040020 vaddr=400d0020 size=a6c1ch (683036) map[0m
[0;32mI (410) esp_image: segment 4: paddr=000e6c44 vaddr=40083230 size=152f4h ( 86772) load[0m
[0;32mI (457) boot: Loaded app from partition at offset 0x10000[0m
[0;32mI (457) boot: Disabling RNG early entropy source...[0m
[0;32mI (469) cpu_start: Multicore app[0m
[0;32mI (477) cpu_start: Pro cpu start user code[0m
[0;32mI (477) cpu_start: cpu freq: 160000000 Hz[0m
[0;32mI (477) app_init: Application information:[0m
[0;32mI (480) app_init: Project name:     hello_world[0m
[0;32mI (485) app_init: App version:      1[0m
[0;32mI (490) app_init: Compile time:     Apr  2 2026 18:56:54[0m
[0;32mI (496) app_init: ELF file SHA256:  97b5fe77f...[0m
[0;32mI (501) app_init: ESP-IDF:          v5.3.1-dirty[0m
[0;32mI (506) efuse_init: Min chip rev:     v0.0[0m
[0;32mI (511) efuse_init: Max chip rev:     v3.99 [0m
[0;32mI (516) efuse_init: Chip rev:         v3.1[0m
[0;32mI (521) heap_init: Initializing. RAM available for dynamic allocation:[0m
[0;32mI (528) heap_init: At 3FFAE6E0 len 00001920 (6 KiB): DRAM[0m
[0;32mI (534) heap_init: At 3FFB8898 len 00027768 (157 KiB): DRAM[0m
[0;32mI (540) heap_init: At 3FFE0440 len 00003AE0 (14 KiB): D/IRAM[0m
[0;32mI (547) heap_init: At 3FFE4350 len 0001BCB0 (111 KiB): D/IRAM[0m
[0;32mI (553) heap_init: At 40098524 len 00007ADC (30 KiB): IRAM[0m
[0;32mI (561) spi_flash: detected chip: generic[0m
[0;32mI (564) spi_flash: flash io: dio[0m
[0;33mW (568) spi_flash: Detected size(4096k) larger than the size in the binary image header(2048k). Using the size in the binary image header.[0m
[0;33mW (581) DAC: legacy driver is deprecated, please migrate to `driver/dac_oneshot.h`, `driver/dac_cosine.h` or `driver/dac_continuous.h` instead[0m
[0;32mI (595) main_task: Started on CPU0[0m
[0;32mI (605) main_task: Calling app_main()[0m
[0;32mI (625) MAIN: =========================================[0m
[0;32mI (625) MAIN: Signal Processing System[0m
[0;32mI (625) MAIN: =========================================[0m
[0;32mI (625) MAIN: Commands: SINE [freq], SQUARE [freq], TRIANGLE [freq], STOP, START[0m
[0;32mI (645) DAC_WAVE: DAC initialized on GPIO25[0m
[0;31mE (645) adc_continuous: adc_continuous_config(448): ADC sampling frequency out of range[0m
ESP_ERROR_CHECK failed: esp_err_t 0x102 (ESP_ERR_INVALID_ARG) at 0x400d8b5b
file: "./main/adc_sample.c" line 46
func: adc_init
expression: adc_continuous_config(adc_handle, &dig_cfg)

abort() was called at PC 0x4008a3f7 on core 0


Backtrace: 0x40081b56:0x3ffba730 0x4008a401:0x3ffba750 0x400921bd:0x3ffba770 0x4008a3f7:0x3ffba7e0 0x400d8b5b:0x3ffba810 0x400d883c:0x3ffba860 0x401749b7:0x3ffbab90 0x4008af0d:0x3ffbabc0




ELF file SHA256: 97b5fe77f

Rebooting...
ets Jul 29 2019 12:21:46

rst:0xc (SW_CPU_RESET),boot:0x13 (SPI_FAST_FLASH_BOOT)
configsip: 0, SPIWP:0xee
clk_drv:0x00,q_drv:0x00,d_drv:0x00,cs0_drv:0x00,hd_drv:0x00,wp_drv:0x00
mode:DIO, clock div:2
load:0x3fff0030,len:7176
load:0x40078000,len:15564
ho 0 tail 12 room 4
load:0x40080400,len:4
load:0x40080404,len:3904
entry 0x40080640
[0;32mI (31) boot: ESP-IDF v5.3.1-dirty 2nd stage bootloader[0m
[0;32mI (31) boot: compile time Apr  2 2026 18:47:19[0m
[0;32mI (31) boot: Multicore bootloader[0m
[0;32mI (36) boot: chip revision: v3.1[0m
[0;32mI (40) boot.esp32: SPI Speed      : 40MHz[0m
[0;32mI (44) boot.esp32: SPI Mode       : DIO[0m
[0;32mI (49) boot.esp32: SPI Flash Size : 2MB[0m
[0;32mI (53) boot: Enabling RNG early entropy source...[0m
[0;32mI (59) boot: Partition Table:[0m
[0;32mI (62) boot: ## Label            Usage          Type ST Offset   Length[0m
[0;32mI (70) boot:  0 nvs              WiFi data        01 02 00009000 00006000[0m
[0;32mI (77) boot:  1 phy_init         RF data          01 01 0000f000 00001000[0m
[0;32mI (85) boot:  2 factory          factory app      00 00 00010000 00100000[0m
[0;32mI (92) boot: End of partition table[0m
[0;32mI (96) esp_image: segment 0: paddr=00010020 vaddr=3f400020 size=28e60h (167520) map[0m
[0;32mI (162) esp_image: segment 1: paddr=00038e88 vaddr=3ffb0000 size=03f58h ( 16216) load[0m
[0;32mI (168) esp_image: segment 2: paddr=0003cde8 vaddr=40080000 size=03230h ( 12848) load[0m
[0;32mI (174) esp_image: segment 3: paddr=00040020 vaddr=400d0020 size=a6c1ch (683036) map[0m
[0;32mI (410) esp_image: segment 4: paddr=000e6c44 vaddr=40083230 size=152f4h ( 86772) load[0m
[0;32mI (457) boot: Loaded app from partition at offset 0x10000[0m
[0;32mI (457) boot: Disabling RNG early entropy source...[0m
[0;32mI (469) cpu_start: Multicore app[0m
[0;32mI (477) cpu_start: Pro cpu start user code[0m
[0;32mI (477) cpu_start: cpu freq: 160000000 Hz[0m
[0;32mI (477) app_init: Application information:[0m
[0;32mI (480) app_init: Project name:     hello_world[0m
[0;32mI (485) app_init: App version:      1[0m
[0;32mI (490) app_init: Compile time:     Apr  2 2026 18:56:54[0m
[0;32mI (496) app_init: ELF file SHA256:  97b5fe77f...[0m
[0;32mI (501) app_init: ESP-IDF:          v5.3.1-dirty[0m
[0;32mI (506) efuse_init: Min chip rev:     v0.0[0m
[0;32mI (511) efuse_init: Max chip rev:     v3.99 [0m
[0;32mI (516) efuse_init: Chip rev:         v3.1[0m
[0;32mI (521) heap_init: Initializing. RAM available for dynamic allocation:[0m
[0;32mI (528) heap_init: At 3FFAE6E0 len 00001920 (6 KiB): DRAM[0m
[0;32mI (534) heap_init: At 3FFB8898 len 00027768 (157 KiB): DRAM[0m
[0;32mI (540) heap_init: At 3FFE0440 len 00003AE0 (14 KiB): D/IRAM[0m
[0;32mI (547) heap_init: At 3FFE4350 len 0001BCB0 (111 KiB): D/IRAM[0m
[0;32mI (553) heap_init: At 40098524 len 00007ADC (30 KiB): IRAM[0m
[0;32mI (561) spi_flash: detected chip: generic[0m
[0;32mI (564) spi_flash: flash io: dio[0m
[0;33mW (568) spi_flash: Detected size(4096k) larger than the size in the binary image header(2048k). Using the size in the binary image header.[0m
[0;33mW (581) DAC: legacy driver is deprecated, please migrate to `driver/dac_oneshot.h`, `driver/dac_cosine.h` or `driver/dac_continuous.h` instead[0m
[0;32mI (595) main_task: Started on CPU0[0m
[0;32mI (605) main_task: Calling app_main()[0m
[0;32mI (625) MAIN: =========================================[0m
[0;32mI (625) MAIN: Signal Processing System[0m
[0;32mI (625) MAIN: =========================================[0m
[0;32mI (625) MAIN: Commands: SINE [freq], SQUARE [freq], TRIANGLE [freq], STOP, START[0m
[0;32mI (645) DAC_WAVE: DAC initialized on GPIO25[0m
[0;31mE (645) adc_continuous: adc_continuous_config(448): ADC sampling frequency out of range[0m
ESP_ERROR_CHECK failed: esp_err_t 0x102 (ESP_ERR_INVALID_ARG) at 0x400d8b5b
file: "./main/adc_sample.c" line 46
func: adc_init
expression: adc_continuous_config(adc_handle, &dig_cfg)

abort() was called at PC 0x4008a3f7 on core 0


Backtrace: 0x40081b56:0x3ffba730 0x4008a401:0x3ffba750 0x400921bd:0x3ffba770 0x4008a3f7:0x3ffba7e0 0x400d8b5b:0x3ffba810 0x400d883c:0x3ffba860 0x401749b7:0x3ffbab90 0x4008af0d:0x3ffbabc0




ELF file SHA256: 97b5fe77f

Rebooting...
ets Jul 29 2019 12:21:46

rst:0xc (SW_CPU_RESET),boot:0x13 (SPI_FAST_FLASH_BOOT)
configsip: 0, SPIWP:0xee
clk_drv:0x00,q_drv:0x00,d_drv:0x00,cs0_drv:0x00,hd_drv:0x00,wp_drv:0x00
mode:DIO, clock div:2
load:0x3fff0030,len:7176
load:0x40078000,len:15564
ho 0 tail 12 room 4
load:0x40080400,len:4
load:0x40080404,len:3904
entry 0x40080640
[0;32mI (31) boot: ESP-IDF v5.3.1-dirty 2nd stage bootloader[0m
[0;32mI (31) boot: compile time Apr  2 2026 18:47:19[0m
[0;32mI (31) boot: Multicore bootloader[0m
[0;32mI (36) boot: chip revision: v3.1[0m
[0;32mI (40) boot.esp32: SPI Speed      : 40MHz[0m
[0;32mI (44) boot.esp32: SPI Mode       : DIO[0m
[0;32mI (49) boot.esp32: SPI Flash Size : 2MB[0m
[0;32mI (53) boot: Enabling RNG early entropy source...[0m
[0;32mI (59) boot: Partition Table:[0m
[0;32mI (62) boot: ## Label            Usage          Type ST Offset   Length[0m
[0;32mI (70) boot:  0 nvs              WiFi data        01 02 00009000 00006000[0m
[0;32mI (77) boot:  1 phy_init         RF data          01 01 0000f000 00001000[0m
[0;32mI (85) boot:  2 factory          factory app      00 00 00010000 00100000[0m
[0;32mI (92) boot: End of partition table[0m
[0;32mI (96) esp_image: segment 0: paddr=00010020 vaddr=3f400020 size=28e60h (167520) map[0m
[0;32mI (162) esp_image: segment 1: paddr=00038e88 vaddr=3ffb0000 size=03f58h ( 16216) load[0m
[0;32mI (168) esp_image: segment 2: paddr=0003cde8 vaddr=40080000 size=03230h ( 12848) load[0m
[0;32mI (174) esp_image: segment 3: paddr=00040020 vaddr=400d0020 size=a6c1ch (683036) map[0m
[0;32mI (410) esp_image: segment 4: paddr=000e6c44 vaddr=40083230 size=152f4h ( 86772) load[0m
[0;32mI (457) boot: Loaded app from partition at offset 0x10000[0m
[0;32mI (457) boot: Disabling RNG early entropy source...[0m
[0;32mI (469) cpu_start: Multicore app[0m
[0;32mI (477) cpu_start: Pro cpu start user code[0m
[0;32mI (477) cpu_start: cpu freq: 160000000 Hz[0m
[0;32mI (477) app_init: Application information:[0m
[0;32mI (480) app_init: Project name:     hello_world[0m
[0;32mI (485) app_init: App version:      1[0m
[0;32mI (490) app_init: Compile time:     Apr  2 2026 18:56:54[0m
[0;32mI (496) app_init: ELF file SHA256:  97b5fe77f...[0m
[0;32mI (501) app_init: ESP-IDF:          v5.3.1-dirty[0m
[0;32mI (506) efuse_init: Min chip rev:     v0.0[0m
[0;32mI (511) efuse_init: Max chip rev:     v3.99 [0m
[0;32mI (516) efuse_init: Chip rev:         v3.1[0m
[0;32mI (521) heap_init: Initializing. RAM available for dynamic allocation:[0m
[0;32mI (528) heap_init: At 3FFAE6E0 len 00001920 (6 KiB): DRAM[0m
[0;32mI (534) heap_init: At 3FFB8898 len 00027768 (157 KiB): DRAM[0m
[0;32mI (540) heap_init: At 3FFE0440 len 00003AE0 (14 KiB): D/IRAM[0m
[0;32mI (547) heap_init: At 3FFE4350 len 0001BCB0 (111 KiB): D/IRAM[0m
[0;32mI (553) heap_init: At 40098524 len 00007ADC (30 KiB): IRAM[0m
[0;32mI (561) spi_flash: detected chip: generic[0m
[0;32mI (564) spi_flash: flash io: dio[0m
[0;33mW (568) spi_flash: Detected size(4096k) larger than the size in the binary image header(2048k). Using the size in the binary image header.[0m
[0;33mW (581) DAC: legacy driver is deprecated, please migrate to `driver/dac_oneshot.h`, `driver/dac_cosine.h` or `driver/dac_continuous.h` instead[0m
[0;32mI (595) main_task: Started on CPU0[0m
[0;32mI (605) main_task: Calling app_main()[0m
[0;32mI (625) MAIN: =========================================[0m
[0;32mI (625) MAIN: Signal Processing System[0m
[0;32mI (625) MAIN: =========================================[0m
[0;32mI (625) MAIN: Commands: SINE [freq], SQUARE [freq], TRIANGLE [freq], STOP, START[0m
[0;32mI (645) DAC_WAVE: DAC initialized on GPIO25[0m
[0;31mE (645) adc_continuous: adc_continuous_config(448): ADC sampling frequency out of range[0m
ESP_ERROR_CHECK failed: esp_err_t 0x102 (ESP_ERR_INVALID_ARG) at 0x400d8b5b
file: "./main/adc_sample.c" line 46
func: adc_init
expression: adc_continuous_config(adc_handle, &dig_cfg)

abort() was called at PC 0x4008a3f7 on core 0


Backtrace: 0x40081b56:0x3ffba730 0x4008a401:0x3ffba750 0x400921bd:0x3ffba770 0x4008a3f7:0x3ffba7e0 0x400d8b5b:0x3ffba810 0x400d883c:0x3ffba860 0x401749b7:0x3ffbab90 0x4008af0d:0x3ffbabc0




ELF file SHA256: 97b5fe77f

Rebooting...
ets Jul 29 2019 12:21:46

rst:0xc (SW_CPU_RESET),boot:0x13 (SPI_FAST_FLASH_BOOT)
configsip: 0, SPIWP:0xee
clk_drv:0x00,q_drv:0x00,d_drv:0x00,cs0_drv:0x00,hd_drv:0x00,wp_drv:0x00
mode:DIO, clock div:2
load:0x3fff0030,len:7176
load:0x40078000,len:15564
ho 0 tail 12 room 4
load:0x40080400,len:4
load:0x40080404,len:3904
entry 0x40080640
[0;32mI (31) boot: ESP-IDF v5.3.1-dirty 2nd stage bootloader[0m
[0;32mI (31) boot: compile time Apr  2 2026 18:47:19[0m
[0;32mI (31) boot: Multicore bootloader[0m
[0;32mI (36) boot: chip revision: v3.1[0m
[0;32mI (40) boot.esp32: SPI Speed      : 40MHz[0m
[0;32mI (44) boot.esp32: SPI Mode       : DIO[0m
[0;32mI (49) boot.esp32: SPI Flash Size : 2MB[0m
[0;32mI (53) boot: Enabling RNG early entropy source...[0m
[0;32mI (59) boot: Partition Table:[0m
[0;32mI (62) boot: ## Label            Usage          Type ST Offset   Length[0m
[0;32mI (70) boot:  0 nvs              WiFi data        01 02 00009000 00006000[0m
[0;32mI (77) boot:  1 phy_init         RF data          01 01 0000f000 00001000[0m
[0;32mI (85) boot:  2 factory          factory app      00 00 00010000 00100000[0m
[0;32mI (92) boot: End of partition table[0m
[0;32mI (96) esp_image: segment 0: paddr=00010020 vaddr=3f400020 size=28e60h (167520) map[0m
[0;32mI (162) esp_image: segment 1: paddr=00038e88 vaddr=3ffb0000 size=03f58h ( 16216) load[0m
[0;32mI (168) esp_image: segment 2: paddr=0003cde8 vaddr=40080000 size=03230h ( 12848) load[0m
[0;32mI (174) esp_image: segment 3: paddr=00040020 vaddr=400d0020 size=a6c1ch (683036) map[0m
[0;32mI (410) esp_image: segment 4: paddr=000e6c44 vaddr=40083230 size=152f4h ( 86772) load[0m
[0;32mI (457) boot: Loaded app from partition at offset 0x10000[0m
[0;32mI (457) boot: Disabling RNG early entropy source...[0m
[0;32mI (469) cpu_start: Multicore app[0m
[0;32mI (477) cpu_start: Pro cpu start user code[0m
[0;32mI (477) cpu_start: cpu freq: 160000000 Hz[0m
[0;32mI (477) app_init: Application information:[0m
[0;32mI (480) app_init: Project name:     hello_world[0m
[0;32mI (485) app_init: App version:      1[0m
[0;32mI (490) app_init: Compile time:     Apr  2 2026 18:56:54[0m
[0;32mI (496) app_init: ELF file SHA256:  97b5fe77f...[0m
[0;32mI (501) app_init: ESP-IDF:          v5.3.1-dirty[0m
[0;32mI (506) efuse_init: Min chip rev:     v0.0[0m
[0;32mI (511) efuse_init: Max chip rev:     v3.99 [0m
[0;32mI (516) efuse_init: Chip rev:         v3.1[0m
[0;32mI (521) heap_init: Initializing. RAM available for dynamic allocation:[0m
[0;32mI (528) heap_init: At 3FFAE6E0 len 00001920 (6 KiB): DRAM[0m
[0;32mI (534) heap_init: At 3FFB8898 len 00027768 (157 KiB): DRAM[0m
[0;32mI (540) heap_init: At 3FFE0440 len 00003AE0 (14 KiB): D/IRAM[0m
[0;32mI (547) heap_init: At 3FFE4350 len 0001BCB0 (111 KiB): D/IRAM[0m
[0;32mI (553) heap_init: At 40098524 len 00007ADC (30 KiB): IRAM[0m
[0;32mI (561) spi_flash: detected chip: generic[0m
[0;32mI (564) spi_flash: flash io: dio[0m
[0;33mW (568) spi_flash: Detected size(4096k) larger than the size in the binary image header(2048k). Using the size in the binary image header.[0m
[0;33mW (581) DAC: legacy driver is deprecated, please migrate to `driver/dac_oneshot.h`, `driver/dac_cosine.h` or `driver/dac_continuous.h` instead[0m
[0;32mI (595) main_task: Started on CPU0[0m
[0;32mI (605) main_task: Calling app_main()[0m
[0;32mI (625) MAIN: =========================================[0m
[0;32mI (625) MAIN: Signal Processing System[0m
[0;32mI (625) MAIN: =========================================[0m
[0;32mI (625) MAIN: Commands: SINE [freq], SQUARE [freq], TRIANGLE [freq], STOP, START[0m
[0;32mI (645) DAC_WAVE: DAC initialized on GPIO25[0m
[0;31mE (645) adc_continuous: adc_continuous_config(448): ADC sampling frequency out of range[0m
ESP_ERROR_CHECK failed: esp_err_t 0x102 (ESP_ERR_INVALID_ARG) at 0x400d8b5b
file: "./main/adc_sample.c" line 46
func: adc_init
expression: adc_continuous_config(adc_handle, &dig_cfg)

abort() was called at PC 0x4008a3f7 on core 0


Backtrace: 0x40081b56:0x3ffba730 0x4008a401:0x3ffba750 0x400921bd:0x3ffba770 0x4008a3f7:0x3ffba7e0 0x400d8b5b:0x3ffba810 0x400d883c:0x3ffba860 0x401749b7:0x3ffbab90 0x4008af0d:0x3ffbabc0




ELF file SHA256: 97b5fe77f

Rebooting...
ets Jul 29 2019 12:21:46

rst:0xc (SW_CPU_RESET),boot:0x13 (SPI_FAST_FLASH_BOOT)
configsip: 0, SPIWP:0xee
clk_drv:0x00,q_drv:0x00,d_drv:0x00,cs0_drv:0x00,hd_drv:0x00,wp_drv:0x00
mode:DIO, clock div:2
load:0x3fff0030,len:7176
load:0x40078000,len:15564
ho 0 tail 12 room 4
load:0x40080400,len:4
load:0x40080404,len:3904
entry 0x40080640
[0;32mI (31) boot: ESP-IDF v5.3.1-dirty 2nd stage bootloader[0m
[0;32mI (31) boot: compile time Apr  2 2026 18:47:19[0m
[0;32mI (31) boot: Multicore bootloader[0m
[0;32mI (36) boot: chip revision: v3.1[0m
[0;32mI (40) boot.esp32: SPI Speed      : 40MHz[0m
[0;32mI (44) boot.esp32: SPI Mode       : DIO[0m
[0;32mI (49) boot.esp32: SPI Flash Size : 2MB[0m
[0;32mI (53) boot: Enabling RNG early entropy source...[0m
[0;32mI (59) boot: Partition Table:[0m
[0;32mI (62) boot: ## Label            Usage          Type ST Offset   Length[0m
[0;32mI (70) boot:  0 nvs              WiFi data        01 02 00009000 00006000[0m
[0;32mI (77) boot:  1 phy_init         RF data          01 01 0000f000 00001000[0m
[0;32mI (85) boot:  2 factory          factory app      00 00 00010000 00100000[0m
[0;32mI (92) boot: End of partition table[0m
[0;32mI (96) esp_image: segment 0: paddr=00010020 vaddr=3f400020 size=28e60h (167520) map[0m
[0;32mI (162) esp_image: segment 1: paddr=00038e88 vaddr=3ffb0000 size=03f58h ( 16216) load[0m
[0;32mI (168) esp_image: segment 2: paddr=0003cde8 vaddr=40080000 size=03230h ( 12848) load[0m
[0;32mI (174) esp_image: segment 3: paddr=00040020 vaddr=400d0020 size=a6c1ch (683036) map[0m
[0;32mI (410) esp_image: segment 4: paddr=000e6c44 vaddr=40083230 size=152f4h ( 86772) load[0m
[0;32mI (457) boot: Loaded app from partition at offset 0x10000[0m
[0;32mI (457) boot: Disabling RNG early entropy source...[0m
[0;32mI (469) cpu_start: Multicore app[0m
[0;32mI (477) cpu_start: Pro cpu start user code[0m
[0;32mI (477) cpu_start: cpu freq: 160000000 Hz[0m
[0;32mI (477) app_init: Application information:[0m
[0;32mI (480) app_init: Project name:     hello_world[0m
[0;32mI (485) app_init: App version:      1[0m
[0;32mI (490) app_init: Compile time:     Apr  2 2026 18:56:54[0m
[0;32mI (496) app_init: ELF file SHA256:  97b5fe77f...[0m
[0;32mI (501) app_init: ESP-IDF:          v5.3.1-dirty[0m
[0;32mI (506) efuse_init: Min chip rev:     v0.0[0m
[0;32mI (511) efuse_init: Max chip rev:     v3.99 [0m
[0;32mI (516) efuse_init: Chip rev:         v3.1[0m
[0;32mI (521) heap_init: Initializing. RAM available for dynamic allocation:[0m
[0;32mI (528) heap_init: At 3FFAE6E0 len 00001920 (6 KiB): DRAM[0m
[0;32mI (534) heap_init: At 3FFB8898 len 00027768 (157 KiB): DRAM[0m
[0;32mI (540) heap_init: At 3FFE0440 len 00003AE0 (14 KiB): D/IRAM[0m
[0;32mI (547) heap_init: At 3FFE4350 len 0001BCB0 (111 KiB): D/IRAM[0m
[0;32mI (553) heap_init: At 40098524 len 00007ADC (30 KiB): IRAM[0m
[0;32mI (561) spi_flash: detected chip: generic[0m
[0;32mI (564) spi_flash: flash io: dio[0m
[0;33mW (568) spi_flash: Detected size(4096k) larger than the size in the binary image header(2048k). Using the size in the binary image header.[0m
[0;33mW (581) DAC: legacy driver is deprecated, please migrate to `driver/dac_oneshot.h`, `driver/dac_cosine.h` or `driver/dac_continuous.h` instead[0m
[0;32mI (595) main_task: Started on CPU0[0m
[0;32mI (605) main_task: Calling app_main()[0m
[0;32mI (625) MAIN: =========================================[0m
[0;32mI (625) MAIN: Signal Processing System[0m
[0;32mI (625) MAIN: =========================================[0m
[0;32mI (625) MAIN: Commands: SINE [freq], SQUARE [freq], TRIANGLE [freq], STOP, START[0m
[0;32mI (645) DAC_WAVE: DAC initialized on GPIO25[0m
[0;31mE (645) adc_continuous: adc_continuous_config(448): ADC sampling frequency out of range[0m
ESP_ERROR_CHECK failed: esp_err_t 0x102 (ESP_ERR_INVALID_ARG) at 0x400d8b5b
file: "./main/adc_sample.c" line 46
func: adc_init
expression: adc_continuous_config(adc_handle, &dig_cfg)

abort() was called at PC 0x4008a3f7 on core 0


Backtrace: 0x40081b56:0x3ffba730 0x4008a401:0x3ffba750 0x400921bd:0x3ffba770 0x4008a3f7:0x3ffba7e0 0x400d8b5b:0x3ffba810 0x400d883c:0x3ffba860 0x401749b7:0x3ffbab90 0x4008af0d:0x3ffbabc0




ELF file SHA256: 97b5fe77f

Rebooting...
ets Jul 29 2019 12:21:46

rst:0xc (SW_CPU_RESET),boot:0x13 (SPI_FAST_FLASH_BOOT)
configsip: 0, SPIWP:0xee
clk_drv:0x00,q_drv:0x00,d_drv:0x00,cs0_drv:0x00,hd_drv:0x00,wp_drv:0x00
mode:DIO, clock div:2
load:0x3fff0030,len:7176
load:0x40078000,len:15564
ho 0 tail 12 room 4
load:0x40080400,len:4
load:0x40080404,len:3904
entry 0x40080640
[0;32mI (31) boot: ESP-IDF v5.3.1-dirty 2nd stage bootloader[0m
[0;32mI (31) boot: compile time Apr  2 2026 18:47:19[0m
[0;32mI (31) boot: Multicore bootloader[0m
[0;32mI (36) boot: chip revision: v3.1[0m
[0;32mI (40) boot.esp32: SPI Speed      : 40MHz[0m
[0;32mI (44) boot.esp32: SPI Mode       : DIO[0m
[0;32mI (49) boot.esp32: SPI Flash Size : 2MB[0m
[0;32mI (53) boot: Enabling RNG early entropy source...[0m
[0;32mI (59) boot: Partition Table:[0m
[0;32mI (62) boot: ## Label            Usage          Type ST Offset   Length[0m
[0;32mI (70) boot:  0 nvs              WiFi data        01 02 00009000 00006000[0m
[0;32mI (77) boot:  1 phy_init         RF data          01 01 0000f000 00001000[0m
[0;32mI (85) boot:  2 factory          factory app      00 00 00010000 00100000[0m
[0;32mI (92) boot: End of partition table[0m
[0;32mI (96) esp_image: segment 0: paddr=00010020 vaddr=3f400020 size=28e60h (167520) map[0m
[0;32mI (162) esp_image: segment 1: paddr=00038e88 vaddr=3ffb0000 size=03f58h ( 16216) load[0m
[0;32mI (168) esp_image: segment 2: paddr=0003cde8 vaddr=40080000 size=03230h ( 12848) load[0m
[0;32mI (174) esp_image: segment 3: paddr=00040020 vaddr=400d0020 size=a6c1ch (683036) map[0m
[0;32mI (410) esp_image: segment 4: paddr=000e6c44 vaddr=40083230 size=152f4h ( 86772) load[0m
[0;32mI (457) boot: Loaded app from partition at offset 0x10000[0m
[0;32mI (457) boot: Disabling RNG early entropy source...[0m
[0;32mI (469) cpu_start: Multicore app[0m
[0;32mI (477) cpu_start: Pro cpu start user code[0m
[0;32mI (477) cpu_start: cpu freq: 160000000 Hz[0m
[0;32mI (477) app_init: Application information:[0m
[0;32mI (480) app_init: Project name:     hello_world[0m
[0;32mI (485) app_init: App version:      1[0m
[0;32mI (490) app_init: Compile time:     Apr  2 2026 18:56:54[0m
[0;32mI (496) app_init: ELF file SHA256:  97b5fe77f...[0m
[0;32mI (501) app_init: ESP-IDF:          v5.3.1-dirty[0m
[0;32mI (506) efuse_init: Min chip rev:     v0.0[0m
[0;32mI (511) efuse_init: Max chip rev:     v3.99 [0m
[0;32mI (516) efuse_init: Chip rev:         v3.1[0m
[0;32mI (521) heap_init: Initializing. RAM available for dynamic allocation:[0m
[0;32mI (528) heap_init: At 3FFAE6E0 len 00001920 (6 KiB): DRAM[0m
[0;32mI (534) heap_init: At 3FFB8898 len 00027768 (157 KiB): DRAM[0m
[0;32mI (540) heap_init: At 3FFE0440 len 00003AE0 (14 KiB): D/IRAM[0m
[0;32mI (547) heap_init: At 3FFE4350 len 0001BCB0 (111 KiB): D/IRAM[0m
[0;32mI (553) heap_init: At 40098524 len 00007ADC (30 KiB): IRAM[0m
[0;32mI (561) spi_flash: detected chip: generic[0m
[0;32mI (564) spi_flash: flash io: dio[0m
[0;33mW (568) spi_flash: Detected size(4096k) larger than the size in the binary image header(2048k). Using the size in the binary image header.[0m
[0;33mW (581) DAC: legacy driver is deprecated, please migrate to `driver/dac_oneshot.h`, `driver/dac_cosine.h` or `driver/dac_continuous.h` instead[0m
[0;32mI (595) main_task: Started on CPU0[0m
[0;32mI (605) main_task: Calling app_main()[0m
[0;32mI (625) MAIN: =========================================[0m
[0;32mI (625) MAIN: Signal Processing System[0m
[0;32mI (625) MAIN: =========================================[0m
[0;32mI (625) MAIN: Commands: SINE [freq], SQUARE [freq], TRIANGLE [freq], STOP, START[0m
[0;32mI (645) DAC_WAVE: DAC initialized on GPIO25[0m
[0;31mE (645) adc_continuous: adc_continuous_config(448): ADC sampling frequency out of range[0m
ESP_ERROR_CHECK failed: esp_err_t 0x102 (ESP_ERR_INVALID_ARG) at 0x400d8b5b
file: "./main/adc_sample.c" line 46
func: adc_init
expression: adc_continuous_config(adc_handle, &dig_cfg)

abort() was called at PC 0x4008a3f7 on core 0


Backtrace: 0x40081b56:0x3ffba730 0x4008a401:0x3ffba750 0x400921bd:0x3ffba770 0x4008a3f7:0x3ffba7e0 0x400d8b5b:0x3ffba810 0x400d883c:0x3ffba860 0x401749b7:0x3ffbab90 0x4008af0d:0x3ffbabc0




ELF file SHA256: 97b5fe77f

Rebooting...
ets Jul 29 2019 12:21:46

rst:0xc (SW_CPU_RESET),boot:0x13 (SPI_FAST_FLASH_BOOT)
configsip: 0, SPIWP:0xee
clk_drv:0x00,q_drv:0x00,d_drv:0x00,cs0_drv:0x00,hd_drv:0x00,wp_drv:0x00
mode:DIO, clock div:2
load:0x3fff0030,len:7176
load:0x40078000,len:15564
ho 0 tail 12 room 4
load:0x40080400,len:4
load:0x40080404,len:3904
entry 0x40080640
[0;32mI (31) boot: ESP-IDF v5.3.1-dirty 2nd stage bootloader[0m
[0;32mI (31) boot: compile time Apr  2 2026 18:47:19[0m
[0;32mI (31) boot: Multicore bootloader[0m
[0;32mI (36) boot: chip revision: v3.1[0m
[0;32mI (40) boot.esp32: SPI Speed      : 40MHz[0m
[0;32mI (44) boot.esp32: SPI Mode       : DIO[0m
[0;32mI (49) boot.esp32: SPI Flash Size : 2MB[0m
[0;32mI (53) boot: Enabling RNG early entropy source...[0m
[0;32mI (59) boot: Partition Table:[0m
[0;32mI (62) boot: ## Label            Usage          Type ST Offset   Length[0m
[0;32mI (70) boot:  0 nvs              WiFi data        01 02 00009000 00006000[0m
[0;32mI (77) boot:  1 phy_init         RF data          01 01 0000f000 00001000[0m
[0;32mI (85) boot:  2 factory          factory app      00 00 00010000 00100000[0m
[0;32mI (92) boot: End of partition table[0m
[0;32mI (96) esp_image: segment 0: paddr=00010020 vaddr=3f400020 size=28e60h (167520) map[0m
[0;32mI (162) esp_image: segment 1: paddr=00038e88 vaddr=3ffb0000 size=03f58h ( 16216) load[0m
[0;32mI (168) esp_image: segment 2: paddr=0003cde8 vaddr=40080000 size=03230h ( 12848) load[0m
[0;32mI (174) esp_image: segment 3: paddr=00040020 vaddr=400d0020 size=a6c1ch (683036) map[0m
[0;32mI (410) esp_image: segment 4: paddr=000e6c44 vaddr=40083230 size=152f4h ( 86772) load[0m
[0;32mI (457) boot: Loaded app from partition at offset 0x10000[0m
[0;32mI (457) boot: Disabling RNG early entropy source...[0m
[0;32mI (469) cpu_start: Multicore app[0m
[0;32mI (477) cpu_start: Pro cpu start user code[0m
[0;32mI (477) cpu_start: cpu freq: 160000000 Hz[0m
[0;32mI (477) app_init: Application information:[0m
[0;32mI (480) app_init: Project name:     hello_world[0m
[0;32mI (485) app_init: App version:      1[0m
[0;32mI (490) app_init: Compile time:     Apr  2 2026 18:56:54[0m
[0;32mI (496) app_init: ELF file SHA256:  97b5fe77f...[0m
[0;32mI (501) app_init: ESP-IDF:          v5.3.1-dirty[0m
[0;32mI (506) efuse_init: Min chip rev:     v0.0[0m
[0;32mI (511) efuse_init: Max chip rev:     v3.99 [0m
[0;32mI (516) efuse_init: Chip rev:         v3.1[0m
[0;32mI (521) heap_init: Initializing. RAM available for dynamic allocation:[0m
[0;32mI (528) heap_init: At 3FFAE6E0 len 00001920 (6 KiB): DRAM[0m
[0;32mI (534) heap_init: At 3FFB8898 len 00027768 (157 KiB): DRAM[0m
[0;32mI (540) heap_init: At 3FFE0440 len 00003AE0 (14 KiB): D/IRAM[0m
[0;32mI (547) heap_init: At 3FFE4350 len 0001BCB0 (111 KiB): D/IRAM[0m
[0;32mI (553) heap_init: At 40098524 len 00007ADC (30 KiB): IRAM[0m
[0;32mI (561) spi_flash: detected chip: generic[0m
[0;32mI (564) spi_flash: flash io: dio[0m
[0;33mW (568) spi_flash: Detected size(4096k) larger than the size in the binary image header(2048k). Using the size in the binary image header.[0m
[0;33mW (581) DAC: legacy driver is deprecated, please migrate to `driver/dac_oneshot.h`, `driver/dac_cosine.h` or `driver/dac_continuous.h` instead[0m
[0;32mI (595) main_task: Started on CPU0[0m
[0;32mI (605) main_task: Calling app_main()[0m
[0;32mI (625) MAIN: =========================================[0m
[0;32mI (625) MAIN: Signal Processing System[0m
[0;32mI (625) MAIN: =========================================[0m
[0;32mI (625) MAIN: Commands: SINE [freq], SQUARE [freq], TRIANGLE [freq], STOP, START[0m
[0;32mI (645) DAC_WAVE: DAC initialized on GPIO25[0m
[0;31mE (645) adc_continuous: adc_continuous_config(448): ADC sampling frequency out of range[0m
ESP_ERROR_CHECK failed: esp_err_t 0x102 (ESP_ERR_INVALID_ARG) at 0x400d8b5b
file: "./main/adc_sample.c" line 46
func: adc_init
expression: adc_continuous_config(adc_handle, &dig_cfg)

abort() was called at PC 0x4008a3f7 on core 0


Backtrace: 0x40081b56:0x3ffba730 0x4008a401:0x3ffba750 0x400921bd:0x3ffba770 0x4008a3f7:0x3ffba7e0 0x400d8b5b:0x3ffba810 0x400d883c:0x3ffba860 0x401749b7:0x3ffbab90 0x4008af0d:0x3ffbabc0




ELF file SHA256: 97b5fe77f

Rebooting...
ets Jul 29 2019 12:21:46

rst:0xc (SW_CPU_RESET),boot:0x13 (SPI_FAST_FLASH_BOOT)
configsip: 0, SPIWP:0xee
clk_drv:0x00,q_drv:0x00,d_drv:0x00,cs0_drv:0x00,hd_drv:0x00,wp_drv:0x00
mode:DIO, clock div:2
load:0x3fff0030,len:7176
load:0x40078000,len:15564
ho 0 tail 12 room 4
load:0x40080400,len:4
load:0x40080404,len:3904
entry 0x40080640
[0;32mI (31) boot: ESP-IDF v5.3.1-dirty 2nd stage bootloader[0m
[0;32mI (31) boot: compile time Apr  2 2026 18:47:19[0m
[0;32mI (31) boot: Multicore bootloader[0m
[0;32mI (36) boot: chip revision: v3.1[0m
[0;32mI (40) boot.esp32: SPI Speed      : 40MHz[0m
[0;32mI (44) boot.esp32: SPI Mode       : DIO[0m
[0;32mI (49) boot.esp32: SPI Flash Size : 2MB[0m
[0;32mI (53) boot: Enabling RNG early entropy source...[0m
[0;32mI (59) boot: Partition Table:[0m
[0;32mI (62) boot: ## Label            Usage          Type ST Offset   Length[0m
[0;32mI (70) boot:  0 nvs              WiFi data        01 02 00009000 00006000[0m
[0;32mI (77) boot:  1 phy_init         RF data          01 01 0000f000 00001000[0m
[0;32mI (85) boot:  2 factory          factory app      00 00 00010000 00100000[0m
[0;32mI (92) boot: End of partition table[0m
[0;32mI (96) esp_image: segment 0: paddr=00010020 vaddr=3f400020 size=28e60h (167520) map[0m
[0;32mI (162) esp_image: segment 1: paddr=00038e88 vaddr=3ffb0000 size=03f58h ( 16216) load[0m
[0;32mI (168) esp_image: segment 2: paddr=0003cde8 vaddr=40080000 size=03230h ( 12848) load[0m
[0;32mI (174) esp_image: segment 3: paddr=00040020 vaddr=400d0020 size=a6c1ch (683036) map[0m
[0;32mI (410) esp_image: segment 4: paddr=000e6c44 vaddr=40083230 size=152f4h ( 86772) load[0m
[0;32mI (457) boot: Loaded app from partition at offset 0x10000[0m
[0;32mI (457) boot: Disabling RNG early entropy source...[0m
[0;32mI (469) cpu_start: Multicore app[0m
[0;32mI (477) cpu_start: Pro cpu start user code[0m
[0;32mI (477) cpu_start: cpu freq: 160000000 Hz[0m
[0;32mI (477) app_init: Application information:[0m
[0;32mI (480) app_init: Project name:     hello_world[0m
[0;32mI (485) app_init: App version:      1[0m
[0;32mI (490) app_init: Compile time:     Apr  2 2026 18:56:54[0m
[0;32mI (496) app_init: ELF file SHA256:  97b5fe77f...[0m
[0;32mI (501) app_init: ESP-IDF:          v5.3.1-dirty[0m
[0;32mI (506) efuse_init: Min chip rev:     v0.0[0m
[0;32mI (511) efuse_init: Max chip rev:     v3.99 [0m
[0;32mI (516) efuse_init: Chip rev:         v3.1[0m
[0;32mI (521) heap_init: Initializing. RAM available for dynamic allocation:[0m
[0;32mI (528) heap_init: At 3FFAE6E0 len 00001920 (6 KiB): DRAM[0m
[0;32mI (534) heap_init: At 3FFB8898 len 00027768 (157 KiB): DRAM[0m
[0;32mI (540) heap_init: At 3FFE0440 len 00003AE0 (14 KiB): D/IRAM[0m
[0;32mI (547) heap_init: At 3FFE4350 len 0001BCB0 (111 KiB): D/IRAM[0m
[0;32mI (553) heap_init: At 40098524 len 00007ADC (30 KiB): IRAM[0m
[0;32mI (561) spi_flash: detected chip: generic[0m
[0;32mI (564) spi_flash: flash io: dio[0m
[0;33mW (568) spi_flash: Detected size(4096k) larger than the size in the binary image header(2048k). Using the size in the binary image header.[0m
[0;33mW (581) DAC: legacy driver is deprecated, please migrate to `driver/dac_oneshot.h`, `driver/dac_cosine.h` or `driver/dac_continuous.h` instead[0m
[0;32mI (595) main_task: Started on CPU0[0m
[0;32mI (605) main_task: Calling app_main()[0m
[0;32mI (625) MAIN: =========================================[0m
[0;32mI (625) MAIN: Signal Processing System[0m
[0;32mI (625) MAIN: =========================================[0m
[0;32mI (625) MAIN: Commands: SINE [freq], SQUARE [freq], TRIANGLE [freq], STOP, START[0m
[0;32mI (645) DAC_WAVE: DAC initialized on GPIO25[0m
[0;31mE (645) adc_continuous: adc_continuous_config(448): ADC sampling frequency out of range[0m
ESP_ERROR_CHECK failed: esp_err_t 0x102 (ESP_ERR_INVALID_ARG) at 0x400d8b5b
file: "./main/adc_sample.c" line 46
func: adc_init
expression: adc_continuous_config(adc_handle, &dig_cfg)

abort() was called at PC 0x4008a3f7 on core 0


Backtrace: 0x40081b56:0x3ffba730 0x4008a401:0x3ffba750 0x400921bd:0x3ffba770 0x4008a3f7:0x3ffba7e0 0x400d8b5b:0x3ffba810 0x400d883c:0x3ffba860 0x401749b7:0x3ffbab90 0x4008af0d:0x3ffbabc0




ELF file SHA256: 97b5fe77f

Rebooting...
ets Jul 29 2019 12:21:46

rst:0xc (SW_CPU_RESET),boot:0x13 (SPI_FAST_FLASH_BOOT)
configsip: 0, SPIWP:0xee
clk_drv:0x00,q_drv:0x00,d_drv:0x00,cs0_drv:0x00,hd_drv:0x00,wp_drv:0x00
mode:DIO, clock div:2
load:0x3fff0030,len:7176
load:0x40078000,len:15564
ho 0 tail 12 room 4
load:0x40080400,len:4
load:0x40080404,len:3904
entry 0x40080640
[0;32mI (31) boot: ESP-IDF v5.3.1-dirty 2nd stage bootloader[0m
[0;32mI (31) boot: compile time Apr  2 2026 18:47:19[0m
[0;32mI (31) boot: Multicore bootloader[0m
[0;32mI (36) boot: chip revision: v3.1[0m
[0;32mI (40) boot.esp32: SPI Speed      : 40MHz[0m
[0;32mI (44) boot.esp32: SPI Mode       : DIO[0m
[0;32mI (49) boot.esp32: SPI Flash Size : 2MB[0m
[0;32mI (53) boot: Enabling RNG early entropy source...[0m
[0;32mI (59) boot: Partition Table:[0m
[0;32mI (62) boot: ## Label            Usage          Type ST Offset   Length[0m
[0;32mI (70) boot:  0 nvs              WiFi data        01 02 00009000 00006000[0m
[0;32mI (77) boot:  1 phy_init         RF data          01 01 0000f000 00001000[0m
[0;32mI (85) boot:  2 factory          factory app      00 00 00010000 00100000[0m
[0;32mI (92) boot: End of partition table[0m
[0;32mI (96) esp_image: segment 0: paddr=00010020 vaddr=3f400020 size=28e60h (167520) map[0m
[0;32mI (162) esp_image: segment 1: paddr=00038e88 vaddr=3ffb0000 size=03f58h ( 16216) load[0m
[0;32mI (168) esp_image: segment 2: paddr=0003cde8 vaddr=40080000 size=03230h ( 12848) load[0m
[0;32mI (174) esp_image: segment 3: paddr=00040020 vaddr=400d0020 size=a6c1ch (683036) map[0m
[0;32mI (410) esp_image: segment 4: paddr=000e6c44 vaddr=40083230 size=152f4h ( 86772) load[0m
[0;32mI (457) boot: Loaded app from partition at offset 0x10000[0m
[0;32mI (457) boot: Disabling RNG early entropy source...[0m
[0;32mI (469) cpu_start: Multicore app[0m
[0;32mI (477) cpu_start: Pro cpu start user code[0m
[0;32mI (477) cpu_start: cpu freq: 160000000 Hz[0m
[0;32mI (477) app_init: Application information:[0m
[0;32mI (480) app_init: Project name:     hello_world[0m
[0;32mI (485) app_init: App version:      1[0m
[0;32mI (490) app_init: Compile time:     Apr  2 2026 18:56:54[0m
[0;32mI (496) app_init: ELF file SHA256:  97b5fe77f...[0m
[0;32mI (501) app_init: ESP-IDF:          v5.3.1-dirty[0m
[0;32mI (506) efuse_init: Min chip rev:     v0.0[0m
[0;32mI (511) efuse_init: Max chip rev:     v3.99 [0m
[0;32mI (516) efuse_init: Chip rev:         v3.1[0m
[0;32mI (521) heap_init: Initializing. RAM available for dynamic allocation:[0m
[0;32mI (528) heap_init: At 3FFAE6E0 len 00001920 (6 KiB): DRAM[0m
[0;32mI (534) heap_init: At 3FFB8898 len 00027768 (157 KiB): DRAM[0m
[0;32mI (540) heap_init: At 3FFE0440 len 00003AE0 (14 KiB): D/IRAM[0m
[0;32mI (547) heap_init: At 3FFE4350 len 0001BCB0 (111 KiB): D/IRAM[0m
[0;32mI (553) heap_init: At 40098524 len 00007ADC (30 KiB): IRAM[0m
[0;32mI (561) spi_flash: detected chip: generic[0m
[0;32mI (564) spi_flash: flash io: dio[0m
[0;33mW (568) spi_flash: Detected size(4096k) larger than the size in the binary image header(2048k). Using the size in the binary image header.[0m
[0;33mW (581) DAC: legacy driver is deprecated, please migrate to `driver/dac_oneshot.h`, `driver/dac_cosine.h` or `driver/dac_continuous.h` instead[0m
[0;32mI (595) main_task: Started on CPU0[0m
[0;32mI (605) main_task: Calling app_main()[0m
[0;32mI (625) MAIN: =========================================[0m
[0;32mI (625) MAIN: Signal Processing System[0m
[0;32mI (625) MAIN: =========================================[0m
[0;32mI (625) MAIN: Commands: SINE [freq], SQUARE [freq], TRIANGLE [freq], STOP, START[0m
[0;32mI (645) DAC_WAVE: DAC initialized on GPIO25[0m
[0;31mE (645) adc_continuous: adc_continuous_config(448): ADC sampling frequency out of range[0m
ESP_ERROR_CHECK failed: esp_err_t 0x102 (ESP_ERR_INVALID_ARG) at 0x400d8b5b
file: "./main/adc_sample.c" line 46
func: adc_init
expression: adc_continuous_config(adc_handle, &dig_cfg)

abort() was called at PC 0x4008a3f7 on core 0


Backtrace: 0x40081b56:0x3ffba730 0x4008a401:0x3ffba750 0x400921bd:0x3ffba770 0x4008a3f7:0x3ffba7e0 0x400d8b5b:0x3ffba810 0x400d883c:0x3ffba860 0x401749b7:0x3ffbab90 0x4008af0d:0x3ffbabc0




ELF file SHA256: 97b5fe77f

Rebooting...
ets Jul 29 2019 12:21:46

rst:0xc (SW_CPU_RESET),boot:0x13 (SPI_FAST_FLASH_BOOT)
configsip: 0, SPIWP:0xee
clk_drv:0x00,q_drv:0x00,d_drv:0x00,cs0_drv:0x00,hd_drv:0x00,wp_drv:0x00
mode:DIO, clock div:2
load:0x3fff0030,len:7176
load:0x40078000,len:15564
ho 0 tail 12 room 4
load:0x40080400,len:4
load:0x40080404,len:3904
entry 0x40080640
[0;32mI (31) boot: ESP-IDF v5.3.1-dirty 2nd stage bootloader[0m
[0;32mI (31) boot: compile time Apr  2 2026 18:47:19[0m
[0;32mI (31) boot: Multicore bootloader[0m
[0;32mI (36) boot: chip revision: v3.1[0m
[0;32mI (40) boot.esp32: SPI Speed      : 40MHz[0m
[0;32mI (44) boot.esp32: SPI Mode       : DIO[0m
[0;32mI (49) boot.esp32: SPI Flash Size : 2MB[0m
[0;32mI (53) boot: Enabling RNG early entropy source...[0m
[0;32mI (59) boot: Partition Table:[0m
[0;32mI (62) boot: ## Label            Usage          Type ST Offset   Length[0m
[0;32mI (70) boot:  0 nvs              WiFi data        01 02 00009000 00006000[0m
[0;32mI (77) boot:  1 phy_init         RF data          01 01 0000f000 00001000[0m
[0;32mI (85) boot:  2 factory          factory app      00 00 00010000 00100000[0m
[0;32mI (92) boot: End of partition table[0m
[0;32mI (96) esp_image: segment 0: paddr=00010020 vaddr=3f400020 size=28e60h (167520) map[0m
[0;32mI (162) esp_image: segment 1: paddr=00038e88 vaddr=3ffb0000 size=03f58h ( 16216) load[0m
[0;32mI (168) esp_image: segment 2: paddr=0003cde8 vaddr=40080000 size=03230h ( 12848) load[0m
[0;32mI (174) esp_image: segment 3: paddr=00040020 vaddr=400d0020 size=a6c1ch (683036) map[0m
[0;32mI (410) esp_image: segment 4: paddr=000e6c44 vaddr=40083230 size=152f4h ( 86772) load[0m
[0;32mI (457) boot: Loaded app from partition at offset 0x10000[0m
[0;32mI (457) boot: Disabling RNG early entropy source...[0m
[0;32mI (469) cpu_start: Multicore app[0m
[0;32mI (477) cpu_start: Pro cpu start user code[0m
[0;32mI (477) cpu_start: cpu freq: 160000000 Hz[0m
[0;32mI (477) app_init: Application information:[0m
[0;32mI (480) app_init: Project name:     hello_world[0m
[0;32mI (485) app_init: App version:      1[0m
[0;32mI (490) app_init: Compile time:     Apr  2 2026 18:56:54[0m
[0;32mI (496) app_init: ELF file SHA256:  97b5fe77f...[0m
[0;32mI (501) app_init: ESP-IDF:          v5.3.1-dirty[0m
[0;32mI (506) efuse_init: Min chip rev:     v0.0[0m
[0;32mI (511) efuse_init: Max chip rev:     v3.99 [0m
[0;32mI (516) efuse_init: Chip rev:         v3.1[0m
[0;32mI (521) heap_init: Initializing. RAM available for dynamic allocation:[0m
[0;32mI (528) heap_init: At 3FFAE6E0 len 00001920 (6 KiB): DRAM[0m
[0;32mI (534) heap_init: At 3FFB8898 len 00027768 (157 KiB): DRAM[0m
[0;32mI (540) heap_init: At 3FFE0440 len 00003AE0 (14 KiB): D/IRAM[0m
[0;32mI (547) heap_init: At 3FFE4350 len 0001BCB0 (111 KiB): D/IRAM[0m
[0;32mI (553) heap_init: At 40098524 len 00007ADC (30 KiB): IRAM[0m
[0;32mI (561) spi_flash: detected chip: generic[0m
[0;32mI (564) spi_flash: flash io: dio[0m
[0;33mW (568) spi_flash: Detected size(4096k) larger than the size in the binary image header(2048k). Using the size in the binary image header.[0m
[0;33mW (581) DAC: legacy driver is deprecated, please migrate to `driver/dac_oneshot.h`, `driver/dac_cosine.h` or `driver/dac_continuous.h` instead[0m
[0;32mI (595) main_task: Started on CPU0[0m
[0;32mI (605) main_task: Calling app_main()[0m
[0;32mI (625) MAIN: =========================================[0m
[0;32mI (625) MAIN: Signal Processing System[0m
[0;32mI (625) MAIN: =========================================[0m
[0;32mI (625) MAIN: Commands: SINE [freq], SQUARE [freq], TRIANGLE [freq], STOP, START[0m
[0;32mI (645) DAC_WAVE: DAC initialized on GPIO25[0m
[0;31mE (645) adc_continuous: adc_continuous_config(448): ADC sampling frequency out of range[0m
ESP_ERROR_CHECK failed: esp_err_t 0x102 (ESP_ERR_INVALID_ARG) at 0x400d8b5b
file: "./main/adc_sample.c" line 46
func: adc_init
expression: adc_continuous_config(adc_handle, &dig_cfg)

abort() was called at PC 0x4008a3f7 on core 0


Backtrace: 0x40081b56:0x3ffba730 0x4008a401:0x3ffba750 0x400921bd:0x3ffba770 0x4008a3f7:0x3ffba7e0 0x400d8b5b:0x3ffba810 0x400d883c:0x3ffba860 0x401749b7:0x3ffbab90 0x4008af0d:0x3ffbabc0




ELF file SHA256: 97b5fe77f

Rebooting...
ets Jul 29 2019 12:21:46

rst:0xc (SW_CPU_RESET),boot:0x13 (SPI_FAST_FLASH_BOOT)
configsip: 0, SPIWP:0xee
clk_drv:0x00,q_drv:0x00,d_drv:0x00,cs0_drv:0x00,hd_drv:0x00,wp_drv:0x00
mode:DIO, clock div:2
load:0x3fff0030,len:7176
load:0x40078000,len:15564
ho 0 tail 12 room 4
load:0x40080400,len:4
load:0x40080404,len:3904
entry 0x40080640
[0;32mI (31) boot: ESP-IDF v5.3.1-dirty 2nd stage bootloader[0m
[0;32mI (31) boot: compile time Apr  2 2026 18:47:19[0m
[0;32mI (31) boot: Multicore bootloader[0m
[0;32mI (36) boot: chip revision: v3.1[0m
[0;32mI (40) boot.esp32: SPI Speed      : 40MHz[0m
[0;32mI (44) boot.esp32: SPI Mode       : DIO[0m
[0;32mI (49) boot.esp32: SPI Flash Size : 2MB[0m
[0;32mI (53) boot: Enabling RNG early entropy source...[0m
[0;32mI (59) boot: Partition Table:[0m
[0;32mI (62) boot: ## Label            Usage          Type ST Offset   Length[0m
[0;32mI (70) boot:  0 nvs              WiFi data        01 02 00009000 00006000[0m
[0;32mI (77) boot:  1 phy_init         RF data          01 01 0000f000 00001000[0m
[0;32mI (85) boot:  2 factory          factory app      00 00 00010000 00100000[0m
[0;32mI (92) boot: End of partition table[0m
[0;32mI (96) esp_image: segment 0: paddr=00010020 vaddr=3f400020 size=28e60h (167520) map[0m
[0;32mI (162) esp_image: segment 1: paddr=00038e88 vaddr=3ffb0000 size=03f58h ( 16216) load[0m
[0;32mI (168) esp_image: segment 2: paddr=0003cde8 vaddr=40080000 size=03230h ( 12848) load[0m
[0;32mI (174) esp_image: segment 3: paddr=00040020 vaddr=400d0020 size=a6c1ch (683036) map[0m
[0;32mI (410) esp_image: segment 4: paddr=000e6c44 vaddr=40083230 size=152f4h ( 86772) load[0m
[0;32mI (457) boot: Loaded app from partition at offset 0x10000[0m
[0;32mI (457) boot: Disabling RNG early entropy source...[0m
[0;32mI (469) cpu_start: Multicore app[0m
[0;32mI (477) cpu_start: Pro cpu start user code[0m
[0;32mI (477) cpu_start: cpu freq: 160000000 Hz[0m
[0;32mI (477) app_init: Application information:[0m
[0;32mI (480) app_init: Project name:     hello_world[0m
[0;32mI (485) app_init: App version:      1[0m
[0;32mI (490) app_init: Compile time:     Apr  2 2026 18:56:54[0m
[0;32mI (496) app_init: ELF file SHA256:  97b5fe77f...[0m
[0;32mI (501) app_init: ESP-IDF:          v5.3.1-dirty[0m
[0;32mI (506) efuse_init: Min chip rev:     v0.0[0m
[0;32mI (511) efuse_init: Max chip rev:     v3.99 [0m
[0;32mI (516) efuse_init: Chip rev:         v3.1[0m
[0;32mI (521) heap_init: Initializing. RAM available for dynamic allocation:[0m
[0;32mI (528) heap_init: At 3FFAE6E0 len 00001920 (6 KiB): DRAM[0m
[0;32mI (534) heap_init: At 3FFB8898 len 00027768 (157 KiB): DRAM[0m
[0;32mI (540) heap_init: At 3FFE0440 len 00003AE0 (14 KiB): D/IRAM[0m
[0;32mI (547) heap_init: At 3FFE4350 len 0001BCB0 (111 KiB): D/IRAM[0m
[0;32mI (553) heap_init: At 40098524 len 00007ADC (30 KiB): IRAM[0m
[0;32mI (561) spi_flash: detected chip: generic[0m
[0;32mI (564) spi_flash: flash io: dio[0m
[0;33mW (568) spi_flash: Detected size(4096k) larger than the size in the binary image header(2048k). Using the size in the binary image header.[0m
[0;33mW (581) DAC: legacy driver is deprecated, please migrate to `driver/dac_oneshot.h`, `driver/dac_cosine.h` or `driver/dac_continuous.h` instead[0m
[0;32mI (595) main_task: Started on CPU0[0m
[0;32mI (605) main_task: Calling app_main()[0m
[0;32mI (625) MAIN: =========================================[0m
[0;32mI (625) MAIN: Signal Processing System[0m
[0;32mI (625) MAIN: =========================================[0m
[0;32mI (625) MAIN: Commands: SINE [freq], SQUARE [freq], TRIANGLE [freq], STOP, START[0m
[0;32mI (645) DAC_WAVE: DAC initialized on GPIO25[0m
[0;31mE (645) adc_continuous: adc_continuous_config(448): ADC sampling frequency out of range[0m
ESP_ERROR_CHECK failed: esp_err_t 0x102 (ESP_ERR_INVALID_ARG) at 0x400d8b5b
file: "./main/adc_sample.c" line 46
func: adc_init
expression: adc_continuous_config(adc_handle, &dig_cfg)

abort() was called at PC 0x4008a3f7 on core 0


Backtrace: 0x40081b56:0x3ffba730 0x4008a401:0x3ffba750 0x400921bd:0x3ffba770 0x4008a3f7:0x3ffba7e0 0x400d8b5b:0x3ffba810 0x400d883c:0x3ffba860 0x401749b7:0x3ffbab90 0x4008af0d:0x3ffbabc0




ELF file SHA256: 97b5fe77f

Rebooting...
ets Jul 29 2019 12:21:46

rst:0xc (SW_CPU_RESET),boot:0x13 (SPI_FAST_FLASH_BOOT)
configsip: 0, SPIWP:0xee
clk_drv:0x00,q_drv:0x00,d_drv:0x00,cs0_drv:0x00,hd_drv:0x00,wp_drv:0x00
mode:DIO, clock div:2
load:0x3fff0030,len:7176
load:0x40078000,len:15564
ho 0 tail 12 room 4
load:0x40080400,len:4
load:0x40080404,len:3904
entry 0x40080640
[0;32mI (31) boot: ESP-IDF v5.3.1-dirty 2nd stage bootloader[0m
[0;32mI (31) boot: compile time Apr  2 2026 18:47:19[0m
[0;32mI (31) boot: Multicore bootloader[0m
[0;32mI (36) boot: chip revision: v3.1[0m
[0;32mI (40) boot.esp32: SPI Speed      : 40MHz[0m
[0;32mI (44) boot.esp32: SPI Mode       : DIO[0m
[0;32mI (49) boot.esp32: SPI Flash Size : 2MB[0m
[0;32mI (53) boot: Enabling RNG early entropy source...[0m
[0;32mI (59) boot: Partition Table:[0m
[0;32mI (62) boot: ## Label            Usage          Type ST Offset   Length[0m
[0;32mI (70) boot:  0 nvs              WiFi data        01 02 00009000 00006000[0m
[0;32mI (77) boot:  1 phy_init         RF data          01 01 0000f000 00001000[0m
[0;32mI (85) boot:  2 factory          factory app      00 00 00010000 00100000[0m
[0;32mI (92) boot: End of partition table[0m
[0;32mI (96) esp_image: segment 0: paddr=00010020 vaddr=3f400020 size=28e60h (167520) map[0m
[0;32mI (162) esp_image: segment 1: paddr=00038e88 vaddr=3ffb0000 size=03f58h ( 16216) load[0m
[0;32mI (168) esp_image: segment 2: paddr=0003cde8 vaddr=40080000 size=03230h ( 12848) load[0m
[0;32mI (174) esp_image: segment 3: paddr=00040020 vaddr=400d0020 size=a6c1ch (683036) map[0m
[0;32mI (410) esp_image: segment 4: paddr=000e6c44 vaddr=40083230 size=152f4h ( 86772) load[0m
[0;32mI (457) boot: Loaded app from partition at offset 0x10000[0m
[0;32mI (457) boot: Disabling RNG early entropy source...[0m
[0;32mI (469) cpu_start: Multicore app[0m
[0;32mI (477) cpu_start: Pro cpu start user code[0m
[0;32mI (477) cpu_start: cpu freq: 160000000 Hz[0m
[0;32mI (477) app_init: Application information:[0m
[0;32mI (480) app_init: Project name:     hello_world[0m
[0;32mI (485) app_init: App version:      1[0m
[0;32mI (490) app_init: Compile time:     Apr  2 2026 18:56:54[0m
[0;32mI (496) app_init: ELF file SHA256:  97b5fe77f...[0m
[0;32mI (501) app_init: ESP-IDF:          v5.3.1-dirty[0m
[0;32mI (506) efuse_init: Min chip rev:     v0.0[0m
[0;32mI (511) efuse_init: Max chip rev:     v3.99 [0m
[0;32mI (516) efuse_init: Chip rev:         v3.1[0m
[0;32mI (521) heap_init: Initializing. RAM available for dynamic allocation:[0m
[0;32mI (528) heap_init: At 3FFAE6E0 len 00001920 (6 KiB): DRAM[0m
[0;32mI (534) heap_init: At 3FFB8898 len 00027768 (157 KiB): DRAM[0m
[0;32mI (540) heap_init: At 3FFE0440 len 00003AE0 (14 KiB): D/IRAM[0m
[0;32mI (547) heap_init: At 3FFE4350 len 0001BCB0 (111 KiB): D/IRAM[0m
[0;32mI (553) heap_init: At 40098524 len 00007ADC (30 KiB): IRAM[0m
[0;32mI (561) spi_flash: detected chip: generic[0m
[0;32mI (564) spi_flash: flash io: dio[0m
[0;33mW (568) spi_flash: Detected size(4096k) larger than the size in the binary image header(2048k). Using the size in the binary image header.[0m
[0;33mW (581) DAC: legacy driver is deprecated, please migrate to `driver/dac_oneshot.h`, `driver/dac_cosine.h` or `driver/dac_continuous.h` instead[0m
[0;32mI (595) main_task: Started on CPU0[0m
[0;32mI (605) main_task: Calling app_main()[0m
[0;32mI (625) MAIN: =========================================[0m
[0;32mI (625) MAIN: Signal Processing System[0m
[0;32mI (625) MAIN: =========================================[0m
[0;32mI (625) MAIN: Commands: SINE [freq], SQUARE [freq], TRIANGLE [freq], STOP, START[0m
[0;32mI (645) DAC_WAVE: DAC initialized on GPIO25[0m
[0;31mE (645) adc_continuous: adc_continuous_config(448): ADC sampling frequency out of range[0m
ESP_ERROR_CHECK failed: esp_err_t 0x102 (ESP_ERR_INVALID_ARG) at 0x400d8b5b
file: "./main/adc_sample.c" line 46
func: adc_init
expression: adc_continuous_config(adc_handle, &dig_cfg)

abort() was called at PC 0x4008a3f7 on core 0


Backtrace: 0x40081b56:0x3ffba730 0x4008a401:0x3ffba750 0x400921bd:0x3ffba770 0x4008a3f7:0x3ffba7e0 0x400d8b5b:0x3ffba810 0x400d883c:0x3ffba860 0x401749b7:0x3ffbab90 0x4008af0d:0x3ffbabc0




ELF file SHA256: 97b5fe77f

Rebooting...
ets Jul 29 2019 12:21:46

rst:0xc (SW_CPU_RESET),boot:0x13 (SPI_FAST_FLASH_BOOT)
configsip: 0, SPIWP:0xee
clk_drv:0x00,q_drv:0x00,d_drv:0x00,cs0_drv:0x00,hd_drv:0x00,wp_drv:0x00
mode:DIO, clock div:2
load:0x3fff0030,len:7176
load:0x40078000,len:15564
ho 0 tail 12 room 4
load:0x40080400,len:4
load:0x40080404,len:3904
entry 0x40080640
[0;32mI (31) boot: ESP-IDF v5.3.1-dirty 2nd stage bootloader[0m
[0;32mI (31) boot: compile time Apr  2 2026 18:47:19[0m
[0;32mI (31) boot: Multicore bootloader[0m
[0;32mI (36) boot: chip revision: v3.1[0m
[0;32mI (40) boot.esp32: SPI Speed      : 40MHz[0m
[0;32mI (44) boot.esp32: SPI Mode       : DIO[0m
[0;32mI (49) boot.esp32: SPI Flash Size : 2MB[0m
[0;32mI (53) boot: Enabling RNG early entropy source...[0m
[0;32mI (59) boot: Partition Table:[0m
[0;32mI (62) boot: ## Label            Usage          Type ST Offset   Length[0m
[0;32mI (70) boot:  0 nvs              WiFi data        01 02 00009000 00006000[0m
[0;32mI (77) boot:  1 phy_init         RF data          01 01 0000f000 00001000[0m
[0;32mI (85) boot:  2 factory          factory app      00 00 00010000 00100000[0m
[0;32mI (92) boot: End of partition table[0m
[0;32mI (96) esp_image: segment 0: paddr=00010020 vaddr=3f400020 size=28e60h (167520) map[0m
[0;32mI (162) esp_image: segment 1: paddr=00038e88 vaddr=3ffb0000 size=03f58h ( 16216) load[0m
[0;32mI (168) esp_image: segment 2: paddr=0003cde8 vaddr=40080000 size=03230h ( 12848) load[0m
[0;32mI (174) esp_image: segment 3: paddr=00040020 vaddr=400d0020 size=a6c1ch (683036) map[0m
[0;32mI (410) esp_image: segment 4: paddr=000e6c44 vaddr=40083230 size=152f4h ( 86772) load[0m
[0;32mI (457) boot: Loaded app from partition at offset 0x10000[0m
[0;32mI (457) boot: Disabling RNG early entropy source...[0m
[0;32mI (469) cpu_start: Multicore app[0m
[0;32mI (477) cpu_start: Pro cpu start user code[0m
[0;32mI (477) cpu_start: cpu freq: 160000000 Hz[0m
[0;32mI (477) app_init: Application information:[0m
[0;32mI (480) app_init: Project name:     hello_world[0m
[0;32mI (485) app_init: App version:      1[0m
[0;32mI (490) app_init: Compile time:     Apr  2 2026 18:56:54[0m
[0;32mI (496) app_init: ELF file SHA256:  97b5fe77f...[0m
[0;32mI (501) app_init: ESP-IDF:          v5.3.1-dirty[0m
[0;32mI (506) efuse_init: Min chip rev:     v0.0[0m
[0;32mI (511) efuse_init: Max chip rev:     v3.99 [0m
[0;32mI (516) efuse_init: Chip rev:         v3.1[0m
[0;32mI (521) heap_init: Initializing. RAM available for dynamic allocation:[0m
[0;32mI (528) heap_init: At 3FFAE6E0 len 00001920 (6 KiB): DRAM[0m
[0;32mI (534) heap_init: At 3FFB8898 len 00027768 (157 KiB): DRAM[0m
[0;32mI (540) heap_init: At 3FFE0440 len 00003AE0 (14 KiB): D/IRAM[0m
[0;32mI (547) heap_init: At 3FFE4350 len 0001BCB0 (111 KiB): D/IRAM[0m
[0;32mI (553) heap_init: At 40098524 len 00007ADC (30 KiB): IRAM[0m
[0;32mI (561) spi_flash: detected chip: generic[0m
[0;32mI (564) spi_flash: flash io: dio[0m
[0;33mW (568) spi_flash: Detected size(4096k) larger than the size in the binary image header(2048k). Using the size in the binary image header.[0m
[0;33mW (581) DAC: legacy driver is deprecated, please migrate to `driver/dac_oneshot.h`, `driver/dac_cosine.h` or `driver/dac_continuous.h` instead[0m
[0;32mI (595) main_task: Started on CPU0[0m
[0;32mI (605) main_task: Calling app_main()[0m
[0;32mI (625) MAIN: =========================================[0m
[0;32mI (625) MAIN: Signal Processing System[0m
[0;32mI (625) MAIN: =========================================[0m
[0;32mI (625) MAIN: Commands: SINE [freq], SQUARE [freq], TRIANGLE [freq], STOP, START[0m
[0;32mI (645) DAC_WAVE: DAC initialized on GPIO25[0m
[0;31mE (645) adc_continuous: adc_continuous_config(448): ADC sampling frequency out of range[0m
ESP_ERROR_CHECK failed: esp_err_t 0x102 (ESP_ERR_INVALID_ARG) at 0x400d8b5b
file: "./main/adc_sample.c" line 46
func: adc_init
expression: adc_continuous_config(adc_handle, &dig_cfg)

abort() was called at PC 0x4008a3f7 on core 0


Backtrace: 0x40081b56:0x3ffba730 0x4008a401:0x3ffba750 0x400921bd:0x3ffba770 0x4008a3f7:0x3ffba7e0 0x400d8b5b:0x3ffba810 0x400d883c:0x3ffba860 0x401749b7:0x3ffbab90 0x4008af0d:0x3ffbabc0




ELF file SHA256: 97b5fe77f

Rebooting...
ets Jul 29 2019 12:21:46

rst:0xc (SW_CPU_RESET),boot:0x13 (SPI_FAST_FLASH_BOOT)
configsip: 0, SPIWP:0xee
clk_drv:0x00,q_drv:0x00,d_drv:0x00,cs0_drv:0x00,hd_drv:0x00,wp_drv:0x00
mode:DIO, clock div:2
load:0x3fff0030,len:7176
load:0x40078000,len:15564
ho 0 tail 12 room 4
load:0x40080400,len:4
load:0x40080404,len:3904
entry 0x40080640
[0;32mI (31) boot: ESP-IDF v5.3.1-dirty 2nd stage bootloader[0m
[0;32mI (31) boot: compile time Apr  2 2026 18:47:19[0m
[0;32mI (31) boot: Multicore bootloader[0m
[0;32mI (36) boot: chip revision: v3.1[0m
[0;32mI (40) boot.esp32: SPI Speed      : 40MHz[0m
[0;32mI (44) boot.esp32: SPI Mode       : DIO[0m
[0;32mI (49) boot.esp32: SPI Flash Size : 2MB[0m
[0;32mI (53) boot: Enabling RNG early entropy source...[0m
[0;32mI (59) boot: Partition Table:[0m
[0;32mI (62) boot: ## Label            Usage          Type ST Offset   Length[0m
[0;32mI (70) boot:  0 nvs              WiFi data        01 02 00009000 00006000[0m
[0;32mI (77) boot:  1 phy_init         RF data          01 01 0000f000 00001000[0m
[0;32mI (85) boot:  2 factory          factory app      00 00 00010000 00100000[0m
[0;32mI (92) boot: End of partition table[0m
[0;32mI (96) esp_image: segment 0: paddr=00010020 vaddr=3f400020 size=28e60h (167520) map[0m
[0;32mI (162) esp_image: segment 1: paddr=00038e88 vaddr=3ffb0000 size=03f58h ( 16216) load[0m
[0;32mI (168) esp_image: segment 2: paddr=0003cde8 vaddr=40080000 size=03230h ( 12848) load[0m
[0;32mI (174) esp_image: segment 3: paddr=00040020 vaddr=400d0020 size=a6c1ch (683036) map[0m
[0;32mI (410) esp_image: segment 4: paddr=000e6c44 vaddr=40083230 size=152f4h ( 86772) load[0m
[0;32mI (457) boot: Loaded app from partition at offset 0x10000[0m
[0;32mI (457) boot: Disabling RNG early entropy source...[0m
[0;32mI (469) cpu_start: Multicore app[0m
[0;32mI (477) cpu_start: Pro cpu start user code[0m
[0;32mI (477) cpu_start: cpu freq: 160000000 Hz[0m
[0;32mI (477) app_init: Application information:[0m
[0;32mI (480) app_init: Project name:     hello_world[0m
[0;32mI (485) app_init: App version:      1[0m
[0;32mI (490) app_init: Compile time:     Apr  2 2026 18:56:54[0m
[0;32mI (496) app_init: ELF file SHA256:  97b5fe77f...[0m
[0;32mI (501) app_init: ESP-IDF:          v5.3.1-dirty[0m
[0;32mI (506) efuse_init: Min chip rev:     v0.0[0m
[0;32mI (511) efuse_init: Max chip rev:     v3.99 [0m
[0;32mI (516) efuse_init: Chip rev:         v3.1[0m
[0;32mI (521) heap_init: Initializing. RAM available for dynamic allocation:[0m
[0;32mI (528) heap_init: At 3FFAE6E0 len 00001920 (6 KiB): DRAM[0m
[0;32mI (534) heap_init: At 3FFB8898 len 00027768 (157 KiB): DRAM[0m
[0;32mI (540) heap_init: At 3FFE0440 len 00003AE0 (14 KiB): D/IRAM[0m
[0;32mI (547) heap_init: At 3FFE4350 len 0001BCB0 (111 KiB): D/IRAM[0m
[0;32mI (553) heap_init: At 40098524 len 00007ADC (30 KiB): IRAM[0m
[0;32mI (561) spi_flash: detected chip: generic[0m
[0;32mI (564) spi_flash: flash io: dio[0m
[0;33mW (568) spi_flash: Detected size(4096k) larger than the size in the binary image header(2048k). Using the size in the binary image header.[0m
[0;33mW (581) DAC: legacy driver is deprecated, please migrate to `driver/dac_oneshot.h`, `driver/dac_cosine.h` or `driver/dac_continuous.h` instead[0m
[0;32mI (595) main_task: Started on CPU0[0m
[0;32mI (605) main_task: Calling app_main()[0m
[0;32mI (625) MAIN: =========================================[0m
[0;32mI (625) MAIN: Signal Processing System[0m
[0;32mI (625) MAIN: =========================================[0m
[0;32mI (625) MAIN: Commands: SINE [freq], SQUARE [freq], TRIANGLE [freq], STOP, START[0m
[0;32mI (645) DAC_WAVE: DAC initialized on GPIO25[0m
[0;31mE (645) adc_continuous: adc_continuous_config(448): ADC sampling frequency out of range[0m
ESP_ERROR_CHECK failed: esp_err_t 0x102 (ESP_ERR_INVALID_ARG) at 0x400d8b5b
file: "./main/adc_sample.c" line 46
func: adc_init
expression: adc_continuous_config(adc_handle, &dig_cfg)

abort() was called at PC 0x4008a3f7 on core 0


Backtrace: 0x40081b56:0x3ffba730 0x4008a401:0x3ffba750 0x400921bd:0x3ffba770 0x4008a3f7:0x3ffba7e0 0x400d8b5b:0x3ffba810 0x400d883c:0x3ffba860 0x401749b7:0x3ffbab90 0x4008af0d:0x3ffbabc0




ELF file SHA256: 97b5fe77f

Rebooting...
ets Jul 29 2019 12:21:46

rst:0xc (SW_CPU_RESET),boot:0x13 (SPI_FAST_FLASH_BOOT)
configsip: 0, SPIWP:0xee
clk_drv:0x00,q_drv:0x00,d_drv:0x00,cs0_drv:0x00,hd_drv:0x00,wp_drv:0x00
mode:DIO, clock div:2
load:0x3fff0030,len:7176
load:0x40078000,len:15564
ho 0 tail 12 room 4
load:0x40080400,len:4
load:0x40080404,len:3904
entry 0x40080640
[0;32mI (31) boot: ESP-IDF v5.3.1-dirty 2nd stage bootloader[0m
[0;32mI (31) boot: compile time Apr  2 2026 18:47:19[0m
[0;32mI (31) boot: Multicore bootloader[0m
[0;32mI (36) boot: chip revision: v3.1[0m
[0;32mI (40) boot.esp32: SPI Speed      : 40MHz[0m
[0;32mI (44) boot.esp32: SPI Mode       : DIO[0m
[0;32mI (49) boot.esp32: SPI Flash Size : 2MB[0m
[0;32mI (53) boot: Enabling RNG early entropy source...[0m
[0;32mI (59) boot: Partition Table:[0m
[0;32mI (62) boot: ## Label            Usage          Type ST Offset   Length[0m
[0;32mI (70) boot:  0 nvs              WiFi data        01 02 00009000 00006000[0m
[0;32mI (77) boot:  1 phy_init         RF data          01 01 0000f000 00001000[0m
[0;32mI (85) boot:  2 factory          factory app      00 00 00010000 00100000[0m
[0;32mI (92) boot: End of partition table[0m
[0;32mI (96) esp_image: segment 0: paddr=00010020 vaddr=3f400020 size=28e60h (167520) map[0m
[0;32mI (162) esp_image: segment 1: paddr=00038e88 vaddr=3ffb0000 size=03f58h ( 16216) load[0m
[0;32mI (168) esp_image: segment 2: paddr=0003cde8 vaddr=40080000 size=03230h ( 12848) load[0m
[0;32mI (174) esp_image: segment 3: paddr=00040020 vaddr=400d0020 size=a6c1ch (683036) map[0m
[0;32mI (410) esp_image: segment 4: paddr=000e6c44 vaddr=40083230 size=152f4h ( 86772) load[0m
[0;32mI (457) boot: Loaded app from partition at offset 0x10000[0m
[0;32mI (457) boot: Disabling RNG early entropy source...[0m
[0;32mI (469) cpu_start: Multicore app[0m
[0;32mI (477) cpu_start: Pro cpu start user code[0m
[0;32mI (477) cpu_start: cpu freq: 160000000 Hz[0m
[0;32mI (477) app_init: Application information:[0m
[0;32mI (480) app_init: Project name:     hello_world[0m
[0;32mI (485) app_init: App version:      1[0m
[0;32mI (490) app_init: Compile time:     Apr  2 2026 18:56:54[0m
[0;32mI (496) app_init: ELF file SHA256:  97b5fe77f...[0m
[0;32mI (501) app_init: ESP-IDF:          v5.3.1-dirty[0m
[0;32mI (506) efuse_init: Min chip rev:     v0.0[0m
[0;32mI (511) efuse_init: Max chip rev:     v3.99 [0m
[0;32mI (516) efuse_init: Chip rev:         v3.1[0m
[0;32mI (521) heap_init: Initializing. RAM available for dynamic allocation:[0m
[0;32mI (528) heap_init: At 3FFAE6E0 len 00001920 (6 KiB): DRAM[0m
[0;32mI (534) heap_init: At 3FFB8898 len 00027768 (157 KiB): DRAM[0m
[0;32mI (540) heap_init: At 3FFE0440 len 00003AE0 (14 KiB): D/IRAM[0m
[0;32mI (547) heap_init: At 3FFE4350 len 0001BCB0 (111 KiB): D/IRAM[0m
[0;32mI (553) heap_init: At 40098524 len 00007ADC (30 KiB): IRAM[0m
[0;32mI (561) spi_flash: detected chip: generic[0m
[0;32mI (564) spi_flash: flash io: dio[0m
[0;33mW (568) spi_flash: Detected size(4096k) larger than the size in the binary image header(2048k). Using the size in the binary image header.[0m
[0;33mW (581) DAC: legacy driver is deprecated, please migrate to `driver/dac_oneshot.h`, `driver/dac_cosine.h` or `driver/dac_continuous.h` instead[0m
[0;32mI (595) main_task: Started on CPU0[0m
[0;32mI (605) main_task: Calling app_main()[0m
[0;32mI (625) MAIN: =========================================[0m
[0;32mI (625) MAIN: Signal Processing System[0m
[0;32mI (625) MAIN: =========================================[0m
[0;32mI (625) MAIN: Commands: SINE [freq], SQUARE [freq], TRIANGLE [freq], STOP, START[0m
[0;32mI (645) DAC_WAVE: DAC initialized on GPIO25[0m
[0;31mE (645) adc_continuous: adc_continuous_config(448): ADC sampling frequency out of range[0m
ESP_ERROR_CHECK failed: esp_err_t 0x102 (ESP_ERR_INVALID_ARG) at 0x400d8b5b
file: "./main/adc_sample.c" line 46
func: adc_init
expression: adc_continuous_config(adc_handle, &dig_cfg)

abort() was called at PC 0x4008a3f7 on core 0


Backtrace: 0x40081b56:0x3ffba730 0x4008a401:0x3ffba750 0x400921bd:0x3ffba770 0x4008a3f7:0x3ffba7e0 0x400d8b5b:0x3ffba810 0x400d883c:0x3ffba860 0x401749b7:0x3ffbab90 0x4008af0d:0x3ffbabc0




ELF file SHA256: 97b5fe77f

Rebooting...
ets Jul 29 2019 12:21:46

rst:0xc (SW_CPU_RESET),boot:0x13 (SPI_FAST_FLASH_BOOT)
configsip: 0, SPIWP:0xee
clk_drv:0x00,q_drv:0x00,d_drv:0x00,cs0_drv:0x00,hd_drv:0x00,wp_drv:0x00
mode:DIO, clock div:2
load:0x3fff0030,len:7176
load:0x40078000,len:15564
ho 0 tail 12 room 4
load:0x40080400,len:4
load:0x40080404,len:3904
entry 0x40080640
[0;32mI (31) boot: ESP-IDF v5.3.1-dirty 2nd stage bootloader[0m
[0;32mI (31) boot: compile time Apr  2 2026 18:47:19[0m
[0;32mI (31) boot: Multicore bootloader[0m
[0;32mI (36) boot: chip revision: v3.1[0m
[0;32mI (40) boot.esp32: SPI Speed      : 40MHz[0m
[0;32mI (44) boot.esp32: SPI Mode       : DIO[0m
[0;32mI (49) boot.esp32: SPI Flash Size : 2MB[0m
[0;32mI (53) boot: Enabling RNG early entropy source...[0m
[0;32mI (59) boot: Partition Table:[0m
[0;32mI (62) boot: ## Label            Usage          Type ST Offset   Length[0m
[0;32mI (70) boot:  0 nvs              WiFi data        01 02 00009000 00006000[0m
[0;32mI (77) boot:  1 phy_init         RF data          01 01 0000f000 00001000[0m
[0;32mI (85) boot:  2 factory          factory app      00 00 00010000 00100000[0m
[0;32mI (92) boot: End of partition table[0m
[0;32mI (96) esp_image: segment 0: paddr=00010020 vaddr=3f400020 size=28e60h (167520) map[0m
[0;32mI (162) esp_image: segment 1: paddr=00038e88 vaddr=3ffb0000 size=03f58h ( 16216) load[0m
[0;32mI (168) esp_image: segment 2: paddr=0003cde8 vaddr=40080000 size=03230h ( 12848) load[0m
[0;32mI (174) esp_image: segment 3: paddr=00040020 vaddr=400d0020 size=a6c1ch (683036) map[0m
[0;32mI (410) esp_image: segment 4: paddr=000e6c44 vaddr=40083230 size=152f4h ( 86772) load[0m
[0;32mI (457) boot: Loaded app from partition at offset 0x10000[0m
[0;32mI (457) boot: Disabling RNG early entropy source...[0m
[0;32mI (469) cpu_start: Multicore app[0m
[0;32mI (477) cpu_start: Pro cpu start user code[0m
[0;32mI (477) cpu_start: cpu freq: 160000000 Hz[0m
[0;32mI (477) app_init: Application information:[0m
[0;32mI (480) app_init: Project name:     hello_world[0m
[0;32mI (485) app_init: App version:      1[0m
[0;32mI (490) app_init: Compile time:     Apr  2 2026 18:56:54[0m
[0;32mI (496) app_init: ELF file SHA256:  97b5fe77f...[0m
[0;32mI (501) app_init: ESP-IDF:          v5.3.1-dirty[0m
[0;32mI (506) efuse_init: Min chip rev:     v0.0[0m
[0;32mI (511) efuse_init: Max chip rev:     v3.99 [0m
[0;32mI (516) efuse_init: Chip rev:         v3.1[0m
[0;32mI (521) heap_init: Initializing. RAM available for dynamic allocation:[0m
[0;32mI (528) heap_init: At 3FFAE6E0 len 00001920 (6 KiB): DRAM[0m
[0;32mI (534) heap_init: At 3FFB8898 len 00027768 (157 KiB): DRAM[0m
[0;32mI (540) heap_init: At 3FFE0440 len 00003AE0 (14 KiB): D/IRAM[0m
[0;32mI (547) heap_init: At 3FFE4350 len 0001BCB0 (111 KiB): D/IRAM[0m
[0;32mI (553) heap_init: At 40098524 len 00007ADC (30 KiB): IRAM[0m
[0;32mI (561) spi_flash: detected chip: generic[0m
[0;32mI (564) spi_flash: flash io: dio[0m
[0;33mW (568) spi_flash: Detected size(4096k) larger than the size in the binary image header(2048k). Using the size in the binary image header.[0m
[0;33mW (581) DAC: legacy driver is deprecated, please migrate to `driver/dac_oneshot.h`, `driver/dac_cosine.h` or `driver/dac_continuous.h` instead[0m
[0;32mI (595) main_task: Started on CPU0[0m
[0;32mI (605) main_task: Calling app_main()[0m
[0;32mI (625) MAIN: =========================================[0m
[0;32mI (625) MAIN: Signal Processing System[0m
[0;32mI (625) MAIN: =========================================[0m
[0;32mI (625) MAIN: Commands: SINE [freq], SQUARE [freq], TRIANGLE [freq], STOP, START[0m
[0;32mI (645) DAC_WAVE: DAC initialized on GPIO25[0m
[0;31mE (645) adc_continuous: adc_continuous_config(448): ADC sampling frequency out of range[0m
ESP_ERROR_CHECK failed: esp_err_t 0x102 (ESP_ERR_INVALID_ARG) at 0x400d8b5b
file: "./main/adc_sample.c" line 46
func: adc_init
expression: adc_continuous_config(adc_handle, &dig_cfg)

abort() was called at PC 0x4008a3f7 on core 0


Backtrace: 0x40081b56:0x3ffba730 0x4008a401:0x3ffba750 0x400921bd:0x3ffba770 0x4008a3f7:0x3ffba7e0 0x400d8b5b:0x3ffba810 0x400d883c:0x3ffba860 0x401749b7:0x3ffbab90 0x4008af0d:0x3ffbabc0




ELF file SHA256: 97b5fe77f

Rebooting...
ets Jul 29 2019 12:21:46

rst:0xc (SW_CPU_RESET),boot:0x13 (SPI_FAST_FLASH_BOOT)
configsip: 0, SPIWP:0xee
clk_drv:0x00,q_drv:0x00,d_drv:0x00,cs0_drv:0x00,hd_drv:0x00,wp_drv:0x00
mode:DIO, clock div:2
load:0x3fff0030,len:7176
load:0x40078000,len:15564
ho 0 tail 12 room 4
load:0x40080400,len:4
load:0x40080404,len:3904
entry 0x40080640
[0;32mI (31) boot: ESP-IDF v5.3.1-dirty 2nd stage bootloader[0m
[0;32mI (31) boot: compile time Apr  2 2026 18:47:19[0m
[0;32mI (31) boot: Multicore bootloader[0m
[0;32mI (36) boot: chip revision: v3.1[0m
[0;32mI (40) boot.esp32: SPI Speed      : 40MHz[0m
[0;32mI (44) boot.esp32: SPI Mode       : DIO[0m
[0;32mI (49) boot.esp32: SPI Flash Size : 2MB[0m
[0;32mI (53) boot: Enabling RNG early entropy source...[0m
[0;32mI (59) boot: Partition Table:[0m
[0;32mI (62) boot: ## Label            Usage          Type ST Offset   Length[0m
[0;32mI (70) boot:  0 nvs              WiFi data        01 02 00009000 00006000[0m
[0;32mI (77) boot:  1 phy_init         RF data          01 01 0000f000 00001000[0m
[0;32mI (85) boot:  2 factory          factory app      00 00 00010000 00100000[0m
[0;32mI (92) boot: End of partition table[0m
[0;32mI (96) esp_image: segment 0: paddr=00010020 vaddr=3f400020 size=28e60h (167520) map[0m
[0;32mI (162) esp_image: segment 1: paddr=00038e88 vaddr=3ffb0000 size=03f58h ( 16216) load[0m
[0;32mI (168) esp_image: segment 2: paddr=0003cde8 vaddr=40080000 size=03230h ( 12848) load[0m
[0;32mI (174) esp_image: segment 3: paddr=00040020 vaddr=400d0020 size=a6c1ch (683036) map[0m
[0;32mI (410) esp_image: segment 4: paddr=000e6c44 vaddr=40083230 size=152f4h ( 86772) load[0m
[0;32mI (457) boot: Loaded app from partition at offset 0x10000[0m
[0;32mI (457) boot: Disabling RNG early entropy source...[0m
[0;32mI (469) cpu_start: Multicore app[0m
[0;32mI (477) cpu_start: Pro cpu start user code[0m
[0;32mI (477) cpu_start: cpu freq: 160000000 Hz[0m
[0;32mI (477) app_init: Application information:[0m
[0;32mI (480) app_init: Project name:     hello_world[0m
[0;32mI (485) app_init: App version:      1[0m
[0;32mI (490) app_init: Compile time:     Apr  2 2026 18:56:54[0m
[0;32mI (496) app_init: ELF file SHA256:  97b5fe77f...[0m
[0;32mI (501) app_init: ESP-IDF:          v5.3.1-dirty[0m
[0;32mI (506) efuse_init: Min chip rev:     v0.0[0m
[0;32mI (511) efuse_init: Max chip rev:     v3.99 [0m
[0;32mI (516) efuse_init: Chip rev:         v3.1[0m
[0;32mI (521) heap_init: Initializing. RAM available for dynamic allocation:[0m
[0;32mI (528) heap_init: At 3FFAE6E0 len 00001920 (6 KiB): DRAM[0m
[0;32mI (534) heap_init: At 3FFB8898 len 00027768 (157 KiB): DRAM[0m
[0;32mI (540) heap_init: At 3FFE0440 len 00003AE0 (14 KiB): D/IRAM[0m
[0;32mI (547) heap_init: At 3FFE4350 len 0001BCB0 (111 KiB): D/IRAM[0m
[0;32mI (553) heap_init: At 40098524 len 00007ADC (30 KiB): IRAM[0m
[0;32mI (561) spi_flash: detected chip: generic[0m
[0;32mI (564) spi_flash: flash io: dio[0m
[0;33mW (568) spi_flash: Detected size(4096k) larger than the size in the binary image header(2048k). Using the size in the binary image header.[0m
[0;33mW (581) DAC: legacy driver is deprecated, please migrate to `driver/dac_oneshot.h`, `driver/dac_cosine.h` or `driver/dac_continuous.h` instead[0m
[0;32mI (595) main_task: Started on CPU0[0m
[0;32mI (605) main_task: Calling app_main()[0m
[0;32mI (625) MAIN: =========================================[0m
[0;32mI (625) MAIN: Signal Processing System[0m
[0;32mI (625) MAIN: =========================================[0m
[0;32mI (625) MAIN: Commands: SINE [freq], SQUARE [freq], TRIANGLE [freq], STOP, START[0m
[0;32mI (645) DAC_WAVE: DAC initialized on GPIO25[0m
[0;31mE (645) adc_continuous: adc_continuous_config(448): ADC sampling frequency out of range[0m
ESP_ERROR_CHECK failed: esp_err_t 0x102 (ESP_ERR_INVALID_ARG) at 0x400d8b5b
file: "./main/adc_sample.c" line 46
func: adc_init
expression: adc_continuous_config(adc_handle, &dig_cfg)

abort() was called at PC 0x4008a3f7 on core 0


Backtrace: 0x40081b56:0x3ffba730 0x4008a401:0x3ffba750 0x400921bd:0x3ffba770 0x4008a3f7:0x3ffba7e0 0x400d8b5b:0x3ffba810 0x400d883c:0x3ffba860 0x401749b7:0x3ffbab90 0x4008af0d:0x3ffbabc0




ELF file SHA256: 97b5fe77f

Rebooting...
ets Jul 29 2019 12:21:46

rst:0xc (SW_CPU_RESET),boot:0x13 (SPI_FAST_FLASH_BOOT)
configsip: 0, SPIWP:0xee
clk_drv:0x00,q_drv:0x00,d_drv:0x00,cs0_drv:0x00,hd_drv:0x00,wp_drv:0x00
mode:DIO, clock div:2
load:0x3fff0030,len:7176
load:0x40078000,len:15564
ho 0 tail 12 room 4
load:0x40080400,len:4
load:0x40080404,len:3904
entry 0x40080640
[0;32mI (31) boot: ESP-IDF v5.3.1-dirty 2nd stage bootloader[0m
[0;32mI (31) boot: compile time Apr  2 2026 18:47:19[0m
[0;32mI (31) boot: Multicore bootloader[0m
[0;32mI (36) boot: chip revision: v3.1[0m
[0;32mI (40) boot.esp32: SPI Speed      : 40MHz[0m
[0;32mI (44) boot.esp32: SPI Mode       : DIO[0m
[0;32mI (49) boot.esp32: SPI Flash Size : 2MB[0m
[0;32mI (53) boot: Enabling RNG early entropy source...[0m
[0;32mI (59) boot: Partition Table:[0m
[0;32mI (62) boot: ## Label            Usage          Type ST Offset   Length[0m
[0;32mI (70) boot:  0 nvs              WiFi data        01 02 00009000 00006000[0m
[0;32mI (77) boot:  1 phy_init         RF data          01 01 0000f000 00001000[0m
[0;32mI (85) boot:  2 factory          factory app      00 00 00010000 00100000[0m
[0;32mI (92) boot: End of partition table[0m
[0;32mI (96) esp_image: segment 0: paddr=00010020 vaddr=3f400020 size=28e60h (167520) map[0m
[0;32mI (162) esp_image: segment 1: paddr=00038e88 vaddr=3ffb0000 size=03f58h ( 16216) load[0m
[0;32mI (168) esp_image: segment 2: paddr=0003cde8 vaddr=40080000 size=03230h ( 12848) load[0m
[0;32mI (174) esp_image: segment 3: paddr=00040020 vaddr=400d0020 size=a6c1ch (683036) map[0m
[0;32mI (410) esp_image: segment 4: paddr=000e6c44 vaddr=40083230 size=152f4h ( 86772) load[0m
[0;32mI (457) boot: Loaded app from partition at offset 0x10000[0m
[0;32mI (457) boot: Disabling RNG early entropy source...[0m
[0;32mI (469) cpu_start: Multicore app[0m
[0;32mI (477) cpu_start: Pro cpu start user code[0m
[0;32mI (477) cpu_start: cpu freq: 160000000 Hz[0m
[0;32mI (477) app_init: Application information:[0m
[0;32mI (480) app_init: Project name:     hello_world[0m
[0;32mI (485) app_init: App version:      1[0m
[0;32mI (490) app_init: Compile time:     Apr  2 2026 18:56:54[0m
[0;32mI (496) app_init: ELF file SHA256:  97b5fe77f...[0m
[0;32mI (501) app_init: ESP-IDF:          v5.3.1-dirty[0m
[0;32mI (506) efuse_init: Min chip rev:     v0.0[0m
[0;32mI (511) efuse_init: Max chip rev:     v3.99 [0m
[0;32mI (516) efuse_init: Chip rev:         v3.1[0m
[0;32mI (521) heap_init: Initializing. RAM available for dynamic allocation:[0m
[0;32mI (528) heap_init: At 3FFAE6E0 len 00001920 (6 KiB): DRAM[0m
[0;32mI (534) heap_init: At 3FFB8898 len 00027768 (157 KiB): DRAM[0m
[0;32mI (540) heap_init: At 3FFE0440 len 00003AE0 (14 KiB): D/IRAM[0m
[0;32mI (547) heap_init: At 3FFE4350 len 0001BCB0 (111 KiB): D/IRAM[0m
[0;32mI (553) heap_init: At 40098524 len 00007ADC (30 KiB): IRAM[0m
[0;32mI (561) spi_flash: detected chip: generic[0m
[0;32mI (564) spi_flash: flash io: dio[0m
[0;33mW (568) spi_flash: Detected size(4096k) larger than the size in the binary image header(2048k). Using the size in the binary image header.[0m
[0;33mW (581) DAC: legacy driver is deprecated, please migrate to `driver/dac_oneshot.h`, `driver/dac_cosine.h` or `driver/dac_continuous.h` instead[0m
[0;32mI (595) main_task: Started on CPU0[0m
[0;32mI (605) main_task: Calling app_main()[0m
[0;32mI (625) MAIN: =========================================[0m
[0;32mI (625) MAIN: Signal Processing System[0m
[0;32mI (625) MAIN: =========================================[0m
[0;32mI (625) MAIN: Commands: SINE [freq], SQUARE [freq], TRIANGLE [freq], STOP, START[0m
[0;32mI (645) DAC_WAVE: DAC initialized on GPIO25[0m
[0;31mE (645) adc_continuous: adc_continuous_config(448): ADC sampling frequency out of range[0m
ESP_ERROR_CHECK failed: esp_err_t 0x102 (ESP_ERR_INVALID_ARG) at 0x400d8b5b
file: "./main/adc_sample.c" line 46
func: adc_init
expression: adc_continuous_config(adc_handle, &dig_cfg)

abort() was called at PC 0x4008a3f7 on core 0


Backtrace: 0x40081b56:0x3ffba730 0x4008a401:0x3ffba750 0x400921bd:0x3ffba770 0x4008a3f7:0x3ffba7e0 0x400d8b5b:0x3ffba810 0x400d883c:0x3ffba860 0x401749b7:0x3ffbab90 0x4008af0d:0x3ffbabc0




ELF file SHA256: 97b5fe77f

Rebooting...
ets Jul 29 2019 12:21:46

rst:0xc (SW_CPU_RESET),boot:0x13 (SPI_FAST_FLASH_BOOT)
configsip: 0, SPIWP:0xee
clk_drv:0x00,q_drv:0x00,d_drv:0x00,cs0_drv:0x00,hd_drv:0x00,wp_drv:0x00
mode:DIO, clock div:2
load:0x3fff0030,len:7176
load:0x40078000,len:15564
ho 0 tail 12 room 4
load:0x40080400,len:4
load:0x40080404,len:3904
entry 0x40080640
[0;32mI (31) boot: ESP-IDF v5.3.1-dirty 2nd stage bootloader[0m
[0;32mI (31) boot: compile time Apr  2 2026 18:47:19[0m
[0;32mI (31) boot: Multicore bootloader[0m
[0;32mI (36) boot: chip revision: v3.1[0m
[0;32mI (40) boot.esp32: SPI Speed      : 40MHz[0m
[0;32mI (44) boot.esp32: SPI Mode       : DIO[0m
[0;32mI (49) boot.esp32: SPI Flash Size : 2MB[0m
[0;32mI (53) boot: Enabling RNG early entropy source...[0m
[0;32mI (59) boot: Partition Table:[0m
[0;32mI (62) boot: ## Label            Usage          Type ST Offset   Length[0m
[0;32mI (70) boot:  0 nvs              WiFi data        01 02 00009000 00006000[0m
[0;32mI (77) boot:  1 phy_init         RF data          01 01 0000f000 00001000[0m
[0;32mI (85) boot:  2 factory          factory app      00 00 00010000 00100000[0m
[0;32mI (92) boot: End of partition table[0m
[0;32mI (96) esp_image: segment 0: paddr=00010020 vaddr=3f400020 size=28e60h (167520) map[0m
[0;32mI (162) esp_image: segment 1: paddr=00038e88 vaddr=3ffb0000 size=03f58h ( 16216) load[0m
[0;32mI (168) esp_image: segment 2: paddr=0003cde8 vaddr=40080000 size=03230h ( 12848) load[0m
[0;32mI (174) esp_image: segment 3: paddr=00040020 vaddr=400d0020 size=a6c1ch (683036) map[0m
[0;32mI (410) esp_image: segment 4: paddr=000e6c44 vaddr=40083230 size=152f4h ( 86772) load[0m
[0;32mI (457) boot: Loaded app from partition at offset 0x10000[0m
[0;32mI (457) boot: Disabling RNG early entropy source...[0m
[0;32mI (469) cpu_start: Multicore app[0m
[0;32mI (477) cpu_start: Pro cpu start user code[0m
[0;32mI (477) cpu_start: cpu freq: 160000000 Hz[0m
[0;32mI (477) app_init: Application information:[0m
[0;32mI (480) app_init: Project name:     hello_world[0m
[0;32mI (485) app_init: App version:      1[0m
[0;32mI (490) app_init: Compile time:     Apr  2 2026 18:56:54[0m
[0;32mI (496) app_init: ELF file SHA256:  97b5fe77f...[0m
[0;32mI (501) app_init: ESP-IDF:          v5.3.1-dirty[0m
[0;32mI (506) efuse_init: Min chip rev:     v0.0[0m
[0;32mI (511) efuse_init: Max chip rev:     v3.99 [0m
[0;32mI (516) efuse_init: Chip rev:         v3.1[0m
[0;32mI (521) heap_init: Initializing. RAM available for dynamic allocation:[0m
[0;32mI (528) heap_init: At 3FFAE6E0 len 00001920 (6 KiB): DRAM[0m
[0;32mI (534) heap_init: At 3FFB8898 len 00027768 (157 KiB): DRAM[0m
[0;32mI (540) heap_init: At 3FFE0440 len 00003AE0 (14 KiB): D/IRAM[0m
[0;32mI (547) heap_init: At 3FFE4350 len 0001BCB0 (111 KiB): D/IRAM[0m
[0;32mI (553) heap_init: At 40098524 len 00007ADC (30 KiB): IRAM[0m
[0;32mI (561) spi_flash: detected chip: generic[0m
[0;32mI (564) spi_flash: flash io: dio[0m
[0;33mW (568) spi_flash: Detected size(4096k) larger than the size in the binary image header(2048k). Using the size in the binary image header.[0m
[0;33mW (581) DAC: legacy driver is deprecated, please migrate to `driver/dac_oneshot.h`, `driver/dac_cosine.h` or `driver/dac_continuous.h` instead[0m
[0;32mI (595) main_task: Started on CPU0[0m
[0;32mI (605) main_task: Calling app_main()[0m
[0;32mI (625) MAIN: =========================================[0m
[0;32mI (625) MAIN: Signal Processing System[0m
[0;32mI (625) MAIN: =========================================[0m
[0;32mI (625) MAIN: Commands: SINE [freq], SQUARE [freq], TRIANGLE [freq], STOP, START[0m
[0;32mI (645) DAC_WAVE: DAC initialized on GPIO25[0m
[0;31mE (645) adc_continuous: adc_continuous_config(448): ADC sampling frequency out of range[0m
ESP_ERROR_CHECK failed: esp_err_t 0x102 (ESP_ERR_INVALID_ARG) at 0x400d8b5b
file: "./main/adc_sample.c" line 46
func: adc_init
expression: adc_continuous_config(adc_handle, &dig_cfg)

abort() was called at PC 0x4008a3f7 on core 0


Backtrace: 0x40081b56:0x3ffba730 0x4008a401:0x3ffba750 0x400921bd:0x3ffba770 0x4008a3f7:0x3ffba7e0 0x400d8b5b:0x3ffba810 0x400d883c:0x3ffba860 0x401749b7:0x3ffbab90 0x4008af0d:0x3ffbabc0




ELF file SHA256: 97b5fe77f

Rebooting...
ets Jul 29 2019 12:21:46

rst:0xc (SW_CPU_RESET),boot:0x13 (SPI_FAST_FLASH_BOOT)
configsip: 0, SPIWP:0xee
clk_drv:0x00,q_drv:0x00,d_drv:0x00,cs0_drv:0x00,hd_drv:0x00,wp_drv:0x00
mode:DIO, clock div:2
load:0x3fff0030,len:7176
load:0x40078000,len:15564
ho 0 tail 12 room 4
load:0x40080400,len:4
load:0x40080404,len:3904
entry 0x40080640
[0;32mI (31) boot: ESP-IDF v5.3.1-dirty 2nd stage bootloader[0m
[0;32mI (31) boot: compile time Apr  2 2026 18:47:19[0m
[0;32mI (31) boot: Multicore bootloader[0m
[0;32mI (36) boot: chip revision: v3.1[0m
[0;32mI (40) boot.esp32: SPI Speed      : 40MHz[0m
[0;32mI (44) boot.esp32: SPI Mode       : DIO[0m
[0;32mI (49) boot.esp32: SPI Flash Size : 2MB[0m
[0;32mI (53) boot: Enabling RNG early entropy source...[0m
[0;32mI (59) boot: Partition Table:[0m
[0;32mI (62) boot: ## Label            Usage          Type ST Offset   Length[0m
[0;32mI (70) boot:  0 nvs              WiFi data        01 02 00009000 00006000[0m
[0;32mI (77) boot:  1 phy_init         RF data          01 01 0000f000 00001000[0m
[0;32mI (85) boot:  2 factory          factory app      00 00 00010000 00100000[0m
[0;32mI (92) boot: End of partition table[0m
[0;32mI (96) esp_image: segment 0: paddr=00010020 vaddr=3f400020 size=28e60h (167520) map[0m
[0;32mI (162) esp_image: segment 1: paddr=00038e88 vaddr=3ffb0000 size=03f58h ( 16216) load[0m
[0;32mI (168) esp_image: segment 2: paddr=0003cde8 vaddr=40080000 size=03230h ( 12848) load[0m
[0;32mI (174) esp_image: segment 3: paddr=00040020 vaddr=400d0020 size=a6c1ch (683036) map[0m
[0;32mI (410) esp_image: segment 4: paddr=000e6c44 vaddr=40083230 size=152f4h ( 86772) load[0m
[0;32mI (457) boot: Loaded app from partition at offset 0x10000[0m
[0;32mI (457) boot: Disabling RNG early entropy source...[0m
[0;32mI (469) cpu_start: Multicore app[0m
[0;32mI (477) cpu_start: Pro cpu start user code[0m
[0;32mI (477) cpu_start: cpu freq: 160000000 Hz[0m
[0;32mI (477) app_init: Application information:[0m
[0;32mI (480) app_init: Project name:     hello_world[0m
[0;32mI (485) app_init: App version:      1[0m
[0;32mI (490) app_init: Compile time:     Apr  2 2026 18:56:54[0m
[0;32mI (496) app_init: ELF file SHA256:  97b5fe77f...[0m
[0;32mI (501) app_init: ESP-IDF:          v5.3.1-dirty[0m
[0;32mI (506) efuse_init: Min chip rev:     v0.0[0m
[0;32mI (511) efuse_init: Max chip rev:     v3.99 [0m
[0;32mI (516) efuse_init: Chip rev:         v3.1[0m
[0;32mI (521) heap_init: Initializing. RAM available for dynamic allocation:[0m
[0;32mI (528) heap_init: At 3FFAE6E0 len 00001920 (6 KiB): DRAM[0m
[0;32mI (534) heap_init: At 3FFB8898 len 00027768 (157 KiB): DRAM[0m
[0;32mI (540) heap_init: At 3FFE0440 len 00003AE0 (14 KiB): D/IRAM[0m
[0;32mI (547) heap_init: At 3FFE4350 len 0001BCB0 (111 KiB): D/IRAM[0m
[0;32mI (553) heap_init: At 40098524 len 00007ADC (30 KiB): IRAM[0m
[0;32mI (561) spi_flash: detected chip: generic[0m
[0;32mI (564) spi_flash: flash io: dio[0m
[0;33mW (568) spi_flash: Detected size(4096k) larger than the size in the binary image header(2048k). Using the size in the binary image header.[0m
[0;33mW (581) DAC: legacy driver is deprecated, please migrate to `driver/dac_oneshot.h`, `driver/dac_cosine.h` or `driver/dac_continuous.h` instead[0m
[0;32mI (595) main_task: Started on CPU0[0m
[0;32mI (605) main_task: Calling app_main()[0m
[0;32mI (625) MAIN: =========================================[0m
[0;32mI (625) MAIN: Signal Processing System[0m
[0;32mI (625) MAIN: =========================================[0m
[0;32mI (625) MAIN: Commands: SINE [freq], SQUARE [freq], TRIANGLE [freq], STOP, START[0m
[0;32mI (645) DAC_WAVE: DAC initialized on GPIO25[0m
[0;31mE (645) adc_continuous: adc_continuous_config(448): ADC sampling frequency out of range[0m
ESP_ERROR_CHECK failed: esp_err_t 0x102 (ESP_ERR_INVALID_ARG) at 0x400d8b5b
file: "./main/adc_sample.c" line 46
func: adc_init
expression: adc_continuous_config(adc_handle, &dig_cfg)

abort() was called at PC 0x4008a3f7 on core 0


Backtrace: 0x40081b56:0x3ffba730 0x4008a401:0x3ffba750 0x400921bd:0x3ffba770 0x4008a3f7:0x3ffba7e0 0x400d8b5b:0x3ffba810 0x400d883c:0x3ffba860 0x401749b7:0x3ffbab90 0x4008af0d:0x3ffbabc0




ELF file SHA256: 97b5fe77f

Rebooting...
ets Jul 29 2019 12:21:46

rst:0xc (SW_CPU_RESET),boot:0x13 (SPI_FAST_FLASH_BOOT)
configsip: 0, SPIWP:0xee
clk_drv:0x00,q_drv:0x00,d_drv:0x00,cs0_drv:0x00,hd_drv:0x00,wp_drv:0x00
mode:DIO, clock div:2
load:0x3fff0030,len:7176
load:0x40078000,len:15564
ho 0 tail 12 room 4
load:0x40080400,len:4
load:0x40080404,len:3904
entry 0x40080640
[0;32mI (31) boot: ESP-IDF v5.3.1-dirty 2nd stage bootloader[0m
[0;32mI (31) boot: compile time Apr  2 2026 18:47:19[0m
[0;32mI (31) boot: Multicore bootloader[0m
[0;32mI (36) boot: chip revision: v3.1[0m
[0;32mI (40) boot.esp32: SPI Speed      : 40MHz[0m
[0;32mI (44) boot.esp32: SPI Mode       : DIO[0m
[0;32mI (49) boot.esp32: SPI Flash Size : 2MB[0m
[0;32mI (53) boot: Enabling RNG early entropy source...[0m
[0;32mI (59) boot: Partition Table:[0m
[0;32mI (62) boot: ## Label            Usage          Type ST Offset   Length[0m
[0;32mI (70) boot:  0 nvs              WiFi data        01 02 00009000 00006000[0m
[0;32mI (77) boot:  1 phy_init         RF data          01 01 0000f000 00001000[0m
[0;32mI (85) boot:  2 factory          factory app      00 00 00010000 00100000[0m
[0;32mI (92) boot: End of partition table[0m
[0;32mI (96) esp_image: segment 0: paddr=00010020 vaddr=3f400020 size=28e60h (167520) map[0m
[0;32mI (162) esp_image: segment 1: paddr=00038e88 vaddr=3ffb0000 size=03f58h ( 16216) load[0m
[0;32mI (168) esp_image: segment 2: paddr=0003cde8 vaddr=40080000 size=03230h ( 12848) load[0m
[0;32mI (174) esp_image: segment 3: paddr=00040020 vaddr=400d0020 size=a6c1ch (683036) map[0m
[0;32mI (410) esp_image: segment 4: paddr=000e6c44 vaddr=40083230 size=152f4h ( 86772) load[0m
[0;32mI (457) boot: Loaded app from partition at offset 0x10000[0m
[0;32mI (457) boot: Disabling RNG early entropy source...[0m
[0;32mI (469) cpu_start: Multicore app[0m
[0;32mI (477) cpu_start: Pro cpu start user code[0m
[0;32mI (477) cpu_start: cpu freq: 160000000 Hz[0m
[0;32mI (477) app_init: Application information:[0m
[0;32mI (480) app_init: Project name:     hello_world[0m
[0;32mI (485) app_init: App version:      1[0m
[0;32mI (490) app_init: Compile time:     Apr  2 2026 18:56:54[0m
[0;32mI (496) app_init: ELF file SHA256:  97b5fe77f...[0m
[0;32mI (501) app_init: ESP-IDF:          v5.3.1-dirty[0m
[0;32mI (506) efuse_init: Min chip rev:     v0.0[0m
[0;32mI (511) efuse_init: Max chip rev:     v3.99 [0m
[0;32mI (516) efuse_init: Chip rev:         v3.1[0m
[0;32mI (521) heap_init: Initializing. RAM available for dynamic allocation:[0m
[0;32mI (528) heap_init: At 3FFAE6E0 len 00001920 (6 KiB): DRAM[0m
[0;32mI (534) heap_init: At 3FFB8898 len 00027768 (157 KiB): DRAM[0m
[0;32mI (540) heap_init: At 3FFE0440 len 00003AE0 (14 KiB): D/IRAM[0m
[0;32mI (547) heap_init: At 3FFE4350 len 0001BCB0 (111 KiB): D/IRAM[0m
[0;32mI (553) heap_init: At 40098524 len 00007ADC (30 KiB): IRAM[0m
[0;32mI (561) spi_flash: detected chip: generic[0m
[0;32mI (564) spi_flash: flash io: dio[0m
[0;33mW (568) spi_flash: Detected size(4096k) larger than the size in the binary image header(2048k). Using the size in the binary image header.[0m
[0;33mW (581) DAC: legacy driver is deprecated, please migrate to `driver/dac_oneshot.h`, `driver/dac_cosine.h` or `driver/dac_continuous.h` instead[0m
[0;32mI (595) main_task: Started on CPU0[0m
[0;32mI (605) main_task: Calling app_main()[0m
[0;32mI (625) MAIN: =========================================[0m
[0;32mI (625) MAIN: Signal Processing System[0m
[0;32mI (625) MAIN: =========================================[0m
[0;32mI (625) MAIN: Commands: SINE [freq], SQUARE [freq], TRIANGLE [freq], STOP, START[0m
[0;32mI (645) DAC_WAVE: DAC initialized on GPIO25[0m
[0;31mE (645) adc_continuous: adc_continuous_config(448): ADC sampling frequency out of range[0m
ESP_ERROR_CHECK failed: esp_err_t 0x102 (ESP_ERR_INVALID_ARG) at 0x400d8b5b
file: "./main/adc_sample.c" line 46
func: adc_init
expression: adc_continuous_config(adc_handle, &dig_cfg)

abort() was called at PC 0x4008a3f7 on core 0


Backtrace: 0x40081b56:0x3ffba730 0x4008a401:0x3ffba750 0x400921bd:0x3ffba770 0x4008a3f7:0x3ffba7e0 0x400d8b5b:0x3ffba810 0x400d883c:0x3ffba860 0x401749b7:0x3ffbab90 0x4008af0d:0x3ffbabc0




ELF file SHA256: 97b5fe77f

Rebooting...
ets Jul 29 2019 12:21:46

rst:0xc (SW_CPU_RESET),boot:0x13 (SPI_FAST_FLASH_BOOT)
configsip: 0, SPIWP:0xee
clk_drv:0x00,q_drv:0x00,d_drv:0x00,cs0_drv:0x00,hd_drv:0x00,wp_drv:0x00
mode:DIO, clock div:2
load:0x3fff0030,len:7176
load:0x40078000,len:15564
ho 0 tail 12 room 4
load:0x40080400,len:4
load:0x40080404,len:3904
entry 0x40080640
[0;32mI (31) boot: ESP-IDF v5.3.1-dirty 2nd stage bootloader[0m
[0;32mI (31) boot: compile time Apr  2 2026 18:47:19[0m
[0;32mI (31) boot: Multicore bootloader[0m
[0;32mI (36) boot: chip revision: v3.1[0m
[0;32mI (40) boot.esp32: SPI Speed      : 40MHz[0m
[0;32mI (44) boot.esp32: SPI Mode       : DIO[0m
[0;32mI (49) boot.esp32: SPI Flash Size : 2MB[0m
[0;32mI (53) boot: Enabling RNG early entropy source...[0m
[0;32mI (59) boot: Partition Table:[0m
[0;32mI (62) boot: ## Label            Usage          Type ST Offset   Length[0m
[0;32mI (70) boot:  0 nvs              WiFi data        01 02 00009000 00006000[0m
[0;32mI (77) boot:  1 phy_init         RF data          01 01 0000f000 00001000[0m
[0;32mI (85) boot:  2 factory          factory app      00 00 00010000 00100000[0m
[0;32mI (92) boot: End of partition table[0m
[0;32mI (96) esp_image: segment 0: paddr=00010020 vaddr=3f400020 size=28e60h (167520) map[0m
[0;32mI (162) esp_image: segment 1: paddr=00038e88 vaddr=3ffb0000 size=03f58h ( 16216) load[0m
[0;32mI (168) esp_image: segment 2: paddr=0003cde8 vaddr=40080000 size=03230h ( 12848) load[0m
[0;32mI (174) esp_image: segment 3: paddr=00040020 vaddr=400d0020 size=a6c1ch (683036) map[0m
[0;32mI (410) esp_image: segment 4: paddr=000e6c44 vaddr=40083230 size=152f4h ( 86772) load[0m
[0;32mI (457) boot: Loaded app from partition at offset 0x10000[0m
[0;32mI (457) boot: Disabling RNG early entropy source...[0m
[0;32mI (469) cpu_start: Multicore app[0m
[0;32mI (477) cpu_start: Pro cpu start user code[0m
[0;32mI (477) cpu_start: cpu freq: 160000000 Hz[0m
[0;32mI (477) app_init: Application information:[0m
[0;32mI (480) app_init: Project name:     hello_world[0m
[0;32mI (485) app_init: App version:      1[0m
[0;32mI (490) app_init: Compile time:     Apr  2 2026 18:56:54[0m
[0;32mI (496) app_init: ELF file SHA256:  97b5fe77f...[0m
[0;32mI (501) app_init: ESP-IDF:          v5.3.1-dirty[0m
[0;32mI (506) efuse_init: Min chip rev:     v0.0[0m
[0;32mI (511) efuse_init: Max chip rev:     v3.99 [0m
[0;32mI (516) efuse_init: Chip rev:         v3.1[0m
[0;32mI (521) heap_init: Initializing. RAM available for dynamic allocation:[0m
[0;32mI (528) heap_init: At 3FFAE6E0 len 00001920 (6 KiB): DRAM[0m
[0;32mI (534) heap_init: At 3FFB8898 len 00027768 (157 KiB): DRAM[0m
[0;32mI (540) heap_init: At 3FFE0440 len 00003AE0 (14 KiB): D/IRAM[0m
[0;32mI (547) heap_init: At 3FFE4350 len 0001BCB0 (111 KiB): D/IRAM[0m
[0;32mI (553) heap_init: At 40098524 len 00007ADC (30 KiB): IRAM[0m
[0;32mI (561) spi_flash: detected chip: generic[0m
[0;32mI (564) spi_flash: flash io: dio[0m
[0;33mW (568) spi_flash: Detected size(4096k) larger than the size in the binary image header(2048k). Using the size in the binary image header.[0m
[0;33mW (581) DAC: legacy driver is deprecated, please migrate to `driver/dac_oneshot.h`, `driver/dac_cosine.h` or `driver/dac_continuous.h` instead[0m
[0;32mI (595) main_task: Started on CPU0[0m
[0;32mI (605) main_task: Calling app_main()[0m
[0;32mI (625) MAIN: =========================================[0m
[0;32mI (625) MAIN: Signal Processing System[0m
[0;32mI (625) MAIN: =========================================[0m
[0;32mI (625) MAIN: Commands: SINE [freq], SQUARE [freq], TRIANGLE [freq], STOP, START[0m
[0;32mI (645) DAC_WAVE: DAC initialized on GPIO25[0m
[0;31mE (645) adc_continuous: adc_continuous_config(448): ADC sampling frequency out of range[0m
ESP_ERROR_CHECK failed: esp_err_t 0x102 (ESP_ERR_INVALID_ARG) at 0x400d8b5b
file: "./main/adc_sample.c" line 46
func: adc_init
expression: adc_continuous_config(adc_handle, &dig_cfg)

abort() was called at PC 0x4008a3f7 on core 0


Backtrace: 0x40081b56:0x3ffba730 0x4008a401:0x3ffba750 0x400921bd:0x3ffba770 0x4008a3f7:0x3ffba7e0 0x400d8b5b:0x3ffba810 0x400d883c:0x3ffba860 0x401749b7:0x3ffbab90 0x4008af0d:0x3ffbabc0




ELF file SHA256: 97b5fe77f

Rebooting...
ets Jul 29 2019 12:21:46

rst:0xc (SW_CPU_RESET),boot:0x13 (SPI_FAST_FLASH_BOOT)
configsip: 0, SPIWP:0xee
clk_drv:0x00,q_drv:0x00,d_drv:0x00,cs0_drv:0x00,hd_drv:0x00,wp_drv:0x00
mode:DIO, clock div:2
load:0x3fff0030,len:7176
load:0x40078000,len:15564
ho 0 tail 12 room 4
load:0x40080400,len:4
load:0x40080404,len:3904
entry 0x40080640
[0;32mI (31) boot: ESP-IDF v5.3.1-dirty 2nd stage bootloader[0m
[0;32mI (31) boot: compile time Apr  2 2026 18:47:19[0m
[0;32mI (31) boot: Multicore bootloader[0m
[0;32mI (36) boot: chip revision: v3.1[0m
[0;32mI (40) boot.esp32: SPI Speed      : 40MHz[0m
[0;32mI (44) boot.esp32: SPI Mode       : DIO[0m
[0;32mI (49) boot.esp32: SPI Flash Size : 2MB[0m
[0;32mI (53) boot: Enabling RNG early entropy source...[0m
[0;32mI (59) boot: Partition Table:[0m
[0;32mI (62) boot: ## Label            Usage          Type ST Offset   Length[0m
[0;32mI (70) boot:  0 nvs              WiFi data        01 02 00009000 00006000[0m
